Archive member included to satisfy reference by file (symbol)

c:/program files (x86)/gnu tools arm embedded/8 2018-q4-major/bin/../lib/gcc/arm-none-eabi/8.2.1/thumb/v7-m/nofp\libgcc.a(_aeabi_uldivmod.o)
                              ./src/ioLibrary_Driver/Internet/SNTP/sntp.o (__aeabi_uldivmod)
c:/program files (x86)/gnu tools arm embedded/8 2018-q4-major/bin/../lib/gcc/arm-none-eabi/8.2.1/thumb/v7-m/nofp\libgcc.a(_udivmoddi4.o)
                              c:/program files (x86)/gnu tools arm embedded/8 2018-q4-major/bin/../lib/gcc/arm-none-eabi/8.2.1/thumb/v7-m/nofp\libgcc.a(_aeabi_uldivmod.o) (__udivmoddi4)
c:/program files (x86)/gnu tools arm embedded/8 2018-q4-major/bin/../lib/gcc/arm-none-eabi/8.2.1/thumb/v7-m/nofp\libgcc.a(_dvmd_tls.o)
                              c:/program files (x86)/gnu tools arm embedded/8 2018-q4-major/bin/../lib/gcc/arm-none-eabi/8.2.1/thumb/v7-m/nofp\libgcc.a(_aeabi_uldivmod.o) (__aeabi_ldiv0)
c:/program files (x86)/gnu tools arm embedded/8 2018-q4-major/bin/../lib/gcc/arm-none-eabi/8.2.1/../../../../arm-none-eabi/lib/thumb/v7-m/nofp\libg_nano.a(lib_a-atoi.o)
                              ./src/ioLibrary_Driver/Internet/FTPServer/ftpd.o (atoi)
c:/program files (x86)/gnu tools arm embedded/8 2018-q4-major/bin/../lib/gcc/arm-none-eabi/8.2.1/../../../../arm-none-eabi/lib/thumb/v7-m/nofp\libg_nano.a(lib_a-ctype_.o)
                              ./src/ioLibrary_Driver/Internet/FTPServer/ftpd.o (_ctype_)
c:/program files (x86)/gnu tools arm embedded/8 2018-q4-major/bin/../lib/gcc/arm-none-eabi/8.2.1/../../../../arm-none-eabi/lib/thumb/v7-m/nofp\libg_nano.a(lib_a-malloc.o)
                              ./src/ioLibrary_Driver/Internet/httpServer/httpServer.o (malloc)
c:/program files (x86)/gnu tools arm embedded/8 2018-q4-major/bin/../lib/gcc/arm-none-eabi/8.2.1/../../../../arm-none-eabi/lib/thumb/v7-m/nofp\libg_nano.a(lib_a-memcpy-stub.o)
                              ./src/ioLibrary_Driver/Internet/httpServer/httpServer.o (memcpy)
c:/program files (x86)/gnu tools arm embedded/8 2018-q4-major/bin/../lib/gcc/arm-none-eabi/8.2.1/../../../../arm-none-eabi/lib/thumb/v7-m/nofp\libg_nano.a(lib_a-memset.o)
                              ./src/ioLibrary_Driver/Internet/httpServer/httpServer.o (memset)
c:/program files (x86)/gnu tools arm embedded/8 2018-q4-major/bin/../lib/gcc/arm-none-eabi/8.2.1/../../../../arm-none-eabi/lib/thumb/v7-m/nofp\libg_nano.a(lib_a-nano-freer.o)
                              c:/program files (x86)/gnu tools arm embedded/8 2018-q4-major/bin/../lib/gcc/arm-none-eabi/8.2.1/../../../../arm-none-eabi/lib/thumb/v7-m/nofp\libg_nano.a(lib_a-malloc.o) (_free_r)
c:/program files (x86)/gnu tools arm embedded/8 2018-q4-major/bin/../lib/gcc/arm-none-eabi/8.2.1/../../../../arm-none-eabi/lib/thumb/v7-m/nofp\libg_nano.a(lib_a-nano-mallocr.o)
                              c:/program files (x86)/gnu tools arm embedded/8 2018-q4-major/bin/../lib/gcc/arm-none-eabi/8.2.1/../../../../arm-none-eabi/lib/thumb/v7-m/nofp\libg_nano.a(lib_a-malloc.o) (_malloc_r)
c:/program files (x86)/gnu tools arm embedded/8 2018-q4-major/bin/../lib/gcc/arm-none-eabi/8.2.1/../../../../arm-none-eabi/lib/thumb/v7-m/nofp\libg_nano.a(lib_a-printf.o)
                              ./src/ioLibrary_Driver/Internet/httpServer/httpServer.o (printf)
c:/program files (x86)/gnu tools arm embedded/8 2018-q4-major/bin/../lib/gcc/arm-none-eabi/8.2.1/../../../../arm-none-eabi/lib/thumb/v7-m/nofp\libg_nano.a(lib_a-sbrkr.o)
                              c:/program files (x86)/gnu tools arm embedded/8 2018-q4-major/bin/../lib/gcc/arm-none-eabi/8.2.1/../../../../arm-none-eabi/lib/thumb/v7-m/nofp\libg_nano.a(lib_a-nano-mallocr.o) (_sbrk_r)
c:/program files (x86)/gnu tools arm embedded/8 2018-q4-major/bin/../lib/gcc/arm-none-eabi/8.2.1/../../../../arm-none-eabi/lib/thumb/v7-m/nofp\libg_nano.a(lib_a-sprintf.o)
                              ./src/ioLibrary_Driver/Internet/httpServer/httpParser.o (sprintf)
c:/program files (x86)/gnu tools arm embedded/8 2018-q4-major/bin/../lib/gcc/arm-none-eabi/8.2.1/../../../../arm-none-eabi/lib/thumb/v7-m/nofp\libg_nano.a(lib_a-strcat.o)
                              ./src/ioLibrary_Driver/Internet/httpServer/httpParser.o (strcat)
c:/program files (x86)/gnu tools arm embedded/8 2018-q4-major/bin/../lib/gcc/arm-none-eabi/8.2.1/../../../../arm-none-eabi/lib/thumb/v7-m/nofp\libg_nano.a(lib_a-strchr.o)
                              ./src/ioLibrary_Driver/Internet/DNS/dns.o (strchr)
c:/program files (x86)/gnu tools arm embedded/8 2018-q4-major/bin/../lib/gcc/arm-none-eabi/8.2.1/../../../../arm-none-eabi/lib/thumb/v7-m/nofp\libg_nano.a(lib_a-strcmp.o)
                              ./src/ioLibrary_Driver/Internet/httpServer/httpParser.o (strcmp)
c:/program files (x86)/gnu tools arm embedded/8 2018-q4-major/bin/../lib/gcc/arm-none-eabi/8.2.1/../../../../arm-none-eabi/lib/thumb/v7-m/nofp\libg_nano.a(lib_a-strcpy.o)
[...]
Memory Configuration

Name             Origin             Length             Attributes
FLASH            0x00000000         0x00040000         xr
RAM              0x20000000         0x0000c000         xrw
CCMRAM           0x10000000         0x00000000         xrw
FLASHB1          0x00000000         0x00000000         xr
EXTMEMB0         0x00000000         0x00000000         xr
EXTMEMB1         0x00000000         0x00000000         xr
EXTMEMB2         0x00000000         0x00000000         xr
EXTMEMB3         0x00000000         0x00000000         xr
*default*        0x00000000         0xffffffff

Linker script and memory map

LOAD ./src/syscalls/syscalls.o
LOAD ./src/stm_lib/src/misc.o
LOAD ./src/stm_lib/src/stm32f10x_exti.o
LOAD ./src/stm_lib/src/stm32f10x_flash.o
LOAD ./src/stm_lib/src/stm32f10x_fsmc.o
LOAD ./src/stm_lib/src/stm32f10x_gpio.o
LOAD ./src/stm_lib/src/stm32f10x_rcc.o
LOAD ./src/stm_lib/src/stm32f10x_spi.o
LOAD ./src/stm_lib/src/stm32f10x_tim.o
LOAD ./src/stm_lib/src/stm32f10x_usart.o
LOAD ./src/ioLibrary_Driver/Internet/httpServer/httpParser.o
LOAD ./src/ioLibrary_Driver/Internet/httpServer/httpServer.o
LOAD ./src/ioLibrary_Driver/Internet/httpServer/httpUtil.o
LOAD ./src/ioLibrary_Driver/Internet/TFTP/netutil.o
LOAD ./src/ioLibrary_Driver/Internet/TFTP/tftp.o
LOAD ./src/ioLibrary_Driver/Internet/SNTP/sntp.o
LOAD ./src/ioLibrary_Driver/Internet/FTPServer/ftpd.o
LOAD ./src/ioLibrary_Driver/Internet/FTPClient/ftpc.o
LOAD ./src/ioLibrary_Driver/Internet/DNS/dns.o
LOAD ./src/ioLibrary_Driver/Internet/DHCP/dhcp.o
LOAD ./src/ioLibrary_Driver/Ethernet/W5500/w5500.o
LOAD ./src/ioLibrary_Driver/Ethernet/W5300/w5300.o
LOAD ./src/ioLibrary_Driver/Ethernet/W5200/w5200.o
LOAD ./src/ioLibrary_Driver/Ethernet/W5100S/w5100s.o
LOAD ./src/ioLibrary_Driver/Ethernet/W5100/w5100.o
LOAD ./src/ioLibrary_Driver/Ethernet/socket.o
LOAD ./src/ioLibrary_Driver/Ethernet/wizchip_conf.o
LOAD ./src/ioLibrary_Driver/Application/loopback/loopback.o
LOAD ./src/cmsis_boot/startup/startup_stm32f10x_hd.o
LOAD ./src/cmsis_boot/system_stm32f10x.o
LOAD ./src/HALInit.o
LOAD ./src/W5100SRelFunctions.o
LOAD ./src/main.o
LOAD ./src/msgq.o
LOAD ./src/serialCommand.o
LOAD c:/program files (x86)/gnu tools arm embedded/8 2018-q4-major/bin/../lib/gcc/arm-none-eabi/8.2.1/../../../../arm-none-eabi/lib/thumb/v7-m/nofp\libstdc++_nano.a
LOAD c:/program files (x86)/gnu tools arm embedded/8 2018-q4-major/bin/../lib/gcc/arm-none-eabi/8.2.1/../../../../arm-none-eabi/lib/thumb/v7-m/nofp\libm.a
START GROUP
LOAD c:/program files (x86)/gnu tools arm embedded/8 2018-q4-major/bin/../lib/gcc/arm-none-eabi/8.2.1/thumb/v7-m/nofp\libgcc.a
LOAD c:/program files (x86)/gnu tools arm embedded/8 2018-q4-major/bin/../lib/gcc/arm-none-eabi/8.2.1/../../../../arm-none-eabi/lib/thumb/v7-m/nofp\libg_nano.a
LOAD c:/program files (x86)/gnu tools arm embedded/8 2018-q4-major/bin/../lib/gcc/arm-none-eabi/8.2.1/../../../../arm-none-eabi/lib/thumb/v7-m/nofp\libc_nano.a
END GROUP
START GROUP
LOAD c:/program files (x86)/gnu tools arm embedded/8 2018-q4-major/bin/../lib/gcc/arm-none-eabi/8.2.1/thumb/v7-m/nofp\libgcc.a
LOAD c:/program files (x86)/gnu tools arm embedded/8 2018-q4-major/bin/../lib/gcc/arm-none-eabi/8.2.1/../../../../arm-none-eabi/lib/thumb/v7-m/nofp\libc_nano.a
END GROUP
                0x2000c000                __stack = (ORIGIN (RAM) + LENGTH (RAM))
                0x2000c000                _estack = __stack
                0x00000400                __Main_Stack_Size = 0x400
                [!provide]                PROVIDE (_Main_Stack_Size = __Main_Stack_Size)
                0x2000bc00                __Main_Stack_Limit = (__stack - __Main_Stack_Size)
                [!provide]                PROVIDE (_Main_Stack_Limit = __Main_Stack_Limit)
                0x00000100                _Minimum_Stack_Size = 0x100
                [!provide]                PROVIDE (_Heap_Begin = _end_noinit)
                [!provide]                PROVIDE (_Heap_Limit = (__stack - __Main_Stack_Size))

.isr_vector     0x00000000      0x134
 FILL mask 0xff
                0x00000000                __vectors_start = ABSOLUTE (.)
                0x00000000                __vectors_start__ = ABSOLUTE (.)
 *(.isr_vector)
 .isr_vector    0x00000000      0x134 ./src/cmsis_boot/startup/startup_stm32f10x_hd.o
                0x00000000                g_pfnVectors
 *(.cfmconfig)
 *(.after_vectors .after_vectors.*)

.inits          0x00000134       0x28
                0x00000134                __data_regions_array_start = .
                0x00000134        0x4 LONG 0x2dd0 LOADADDR (.data)
                0x00000138        0x4 LONG 0x20000000 ADDR (.data)
                0x0000013c        0x4 LONG 0x200000cc (ADDR (.data) + SIZEOF (.data))
                0x00000140        0x4 LONG 0x2dd0 LOADADDR (.data_CCMRAM)
                0x00000144        0x4 LONG 0x10000000 ADDR (.data_CCMRAM)
                0x00000148        0x4 LONG 0x10000000 (ADDR (.data_CCMRAM) + SIZEOF (.data_CCMRAM))
                0x0000014c                __data_regions_array_end = .
                0x0000014c                __bss_regions_array_start = .
                0x0000014c        0x4 LONG 0x200004cc ADDR (.bss)
                0x00000150        0x4 LONG 0x20002604 (ADDR (.bss) + SIZEOF (.bss))
                0x00000154        0x4 LONG 0x10000000 ADDR (.bss_CCMRAM)
                0x00000158        0x4 LONG 0x10000000 (ADDR (.bss_CCMRAM) + SIZEOF (.bss_CCMRAM))
                0x0000015c                __bss_regions_array_end = .
 *(.init)
 *(.fini)
                0x0000015c                . = ALIGN (0x4)
                [!provide]                PROVIDE (__preinit_array_start = .)
 *(.preinit_array_sysinit .preinit_array_sysinit.*)
 *(.preinit_array_platform .preinit_array_platform.*)
 *(.preinit_array .preinit_array.*)
                [!provide]                PROVIDE (__preinit_array_end = .)
                0x0000015c                . = ALIGN (0x4)
                [!provide]                PROVIDE (__init_array_start = .)
 *(SORT_BY_NAME(.init_array.*))
 *(.init_array)
                [!provide]                PROVIDE (__init_array_end = .)
                0x0000015c                . = ALIGN (0x4)
                [!provide]                PROVIDE (__fini_array_start = .)
 *(SORT_BY_NAME(.fini_array.*))
 *(.fini_array)
                [!provide]                PROVIDE (__fini_array_end = .)

.flashtext
 *(.flashtext .flashtext.*)

.text           0x0000015c     0x2c73
 *(.text .text.*)
 .text._sbrk    0x0000015c       0x24 ./src/syscalls/syscalls.o
                0x0000015c                _sbrk
 .text._close   0x00000180        0x6 ./src/syscalls/syscalls.o
                0x00000180                _close
 .text._fstat   0x00000186        0xa ./src/syscalls/syscalls.o
                0x00000186                _fstat
 .text._isatty  0x00000190        0x4 ./src/syscalls/syscalls.o
                0x00000190                _isatty
 .text._lseek   0x00000194        0x4 ./src/syscalls/syscalls.o
                0x00000194                _lseek
 .text.NVIC_Init
                0x00000198       0x64 ./src/stm_lib/src/misc.o
                0x00000198                NVIC_Init
 .text.GPIO_Init
                0x000001fc       0x9e ./src/stm_lib/src/stm32f10x_gpio.o
                0x000001fc                GPIO_Init
 .text.GPIO_SetBits
                0x0000029a        0x4 ./src/stm_lib/src/stm32f10x_gpio.o
                0x0000029a                GPIO_SetBits
 .text.GPIO_ResetBits
                0x0000029e        0x4 ./src/stm_lib/src/stm32f10x_gpio.o
                0x0000029e                GPIO_ResetBits
 *fill*         0x000002a2        0x2 
 .text.RCC_GetClocksFreq
                0x000002a4       0xc4 ./src/stm_lib/src/stm32f10x_rcc.o
                0x000002a4                RCC_GetClocksFreq
 .text.RCC_APB2PeriphClockCmd
                0x00000368       0x1c ./src/stm_lib/src/stm32f10x_rcc.o
                0x00000368                RCC_APB2PeriphClockCmd
 .text.RCC_APB1PeriphClockCmd
                0x00000384       0x1c ./src/stm_lib/src/stm32f10x_rcc.o
                0x00000384                RCC_APB1PeriphClockCmd
 .text.SPI_Init
                0x000003a0       0x4c ./src/stm_lib/src/stm32f10x_spi.o
                0x000003a0                SPI_Init
 .text.SPI_Cmd  0x000003ec       0x1a ./src/stm_lib/src/stm32f10x_spi.o
                0x000003ec                SPI_Cmd
 .text.SPI_I2S_SendData
                0x00000406        0x4 ./src/stm_lib/src/stm32f10x_spi.o
                0x00000406                SPI_I2S_SendData
 .text.SPI_I2S_ReceiveData
                0x0000040a        0x4 ./src/stm_lib/src/stm32f10x_spi.o
                0x0000040a                SPI_I2S_ReceiveData
 .text.SPI_I2S_GetFlagStatus
                0x0000040e        0xe ./src/stm_lib/src/stm32f10x_spi.o
                0x0000040e                SPI_I2S_GetFlagStatus
 .text.TIM_TimeBaseInit
                0x0000041c       0x94 ./src/stm_lib/src/stm32f10x_tim.o
                0x0000041c                TIM_TimeBaseInit
 .text.TIM_Cmd  0x000004b0       0x1a ./src/stm_lib/src/stm32f10x_tim.o
                0x000004b0                TIM_Cmd
 .text.TIM_ITConfig
                0x000004ca       0x14 ./src/stm_lib/src/stm32f10x_tim.o
                0x000004ca                TIM_ITConfig
 .text.TIM_SetAutoreload
                0x000004de        0x4 ./src/stm_lib/src/stm32f10x_tim.o
                0x000004de                TIM_SetAutoreload
 .text.TIM_ClearITPendingBit
                0x000004e2        0x8 ./src/stm_lib/src/stm32f10x_tim.o
                0x000004e2                TIM_ClearITPendingBit
 *fill*         0x000004ea        0x2 
 .text.USART_Init
                0x000004ec       0xc8 ./src/stm_lib/src/stm32f10x_usart.o
                0x000004ec                USART_Init
 .text.USART_Cmd
                0x000005b4       0x1a ./src/stm_lib/src/stm32f10x_usart.o
                0x000005b4                USART_Cmd
 .text.USART_ITConfig
                0x000005ce       0x38 ./src/stm_lib/src/stm32f10x_usart.o
                0x000005ce                USART_ITConfig
 .text.USART_SendData
                0x00000606        0x8 ./src/stm_lib/src/stm32f10x_usart.o
                0x00000606                USART_SendData
 .text.USART_ReceiveData
                0x0000060e        0x8 ./src/stm_lib/src/stm32f10x_usart.o
                0x0000060e                USART_ReceiveData
 .text.USART_GetFlagStatus
                0x00000616        0xe ./src/stm_lib/src/stm32f10x_usart.o
                0x00000616                USART_GetFlagStatus
 .text.USART_ClearFlag
                0x00000624        0x8 ./src/stm_lib/src/stm32f10x_usart.o
                0x00000624                USART_ClearFlag
 .text.WIZCHIP_WRITE
                0x0000062c       0x38 ./src/ioLibrary_Driver/Ethernet/W5100S/w5100s.o
                0x0000062c                WIZCHIP_WRITE
 .text.WIZCHIP_READ
                0x00000664       0x38 ./src/ioLibrary_Driver/Ethernet/W5100S/w5100s.o
                0x00000664                WIZCHIP_READ
 .text.WIZCHIP_WRITE_BUF
                0x0000069c       0x4c ./src/ioLibrary_Driver/Ethernet/W5100S/w5100s.o
                0x0000069c                WIZCHIP_WRITE_BUF
 .text.WIZCHIP_READ_BUF
                0x000006e8       0x4c ./src/ioLibrary_Driver/Ethernet/W5100S/w5100s.o
                0x000006e8                WIZCHIP_READ_BUF
 .text.getSn_TX_FSR
                0x00000734       0x5a ./src/ioLibrary_Driver/Ethernet/W5100S/w5100s.o
                0x00000734                getSn_TX_FSR
 .text.getSn_RX_RSR
                0x0000078e       0x5a ./src/ioLibrary_Driver/Ethernet/W5100S/w5100s.o
                0x0000078e                getSn_RX_RSR
 .text.getSn_RxBASE
                0x000007e8       0x26 ./src/ioLibrary_Driver/Ethernet/W5100S/w5100s.o
                0x000007e8                getSn_RxBASE
 .text.getSn_TxBASE
                0x0000080e       0x26 ./src/ioLibrary_Driver/Ethernet/W5100S/w5100s.o
                0x0000080e                getSn_TxBASE
 .text.wiz_send_data
                0x00000834       0xc8 ./src/ioLibrary_Driver/Ethernet/W5100S/w5100s.o
                0x00000834                wiz_send_data
 .text.wiz_recv_data
                0x000008fc       0xc6 ./src/ioLibrary_Driver/Ethernet/W5100S/w5100s.o
                0x000008fc                wiz_recv_data
 .text.wiz_mdio_write
                0x000009c2       0x30 ./src/ioLibrary_Driver/Ethernet/W5100S/w5100s.o
                0x000009c2                wiz_mdio_write
 .text.wiz_mdio_read
                0x000009f2       0x32 ./src/ioLibrary_Driver/Ethernet/W5100S/w5100s.o
                0x000009f2                wiz_mdio_read
 .text.close    0x00000a24       0x70 ./src/ioLibrary_Driver/Ethernet/socket.o
                0x00000a24                close
 .text.socket   0x00000a94      0x13c ./src/ioLibrary_Driver/Ethernet/socket.o
                0x00000a94                socket
 .text.listen   0x00000bd0       0x66 ./src/ioLibrary_Driver/Ethernet/socket.o
                0x00000bd0                listen
 *fill*         0x00000c36        0x2 
 .text.disconnect
                0x00000c38       0x88 ./src/ioLibrary_Driver/Ethernet/socket.o
                0x00000c38                disconnect
 .text.send     0x00000cc0      0x130 ./src/ioLibrary_Driver/Ethernet/socket.o
                0x00000cc0                send
 .text.recv     0x00000df0       0xe0 ./src/ioLibrary_Driver/Ethernet/socket.o
                0x00000df0                recv
 .text.wizchip_cris_enter
                0x00000ed0        0x2 ./src/ioLibrary_Driver/Ethernet/wizchip_conf.o
                0x00000ed0                wizchip_cris_enter
 .text.wizchip_cris_exit
                0x00000ed2        0x2 ./src/ioLibrary_Driver/Ethernet/wizchip_conf.o
                0x00000ed2                wizchip_cris_exit
 .text.wizchip_cs_select
                0x00000ed4        0x2 ./src/ioLibrary_Driver/Ethernet/wizchip_conf.o
                0x00000ed4                wizchip_cs_select
 .text.wizchip_cs_deselect
                0x00000ed6        0x2 ./src/ioLibrary_Driver/Ethernet/wizchip_conf.o
                0x00000ed6                wizchip_cs_deselect
 .text.wizchip_bus_readdata
                0x00000ed8        0x4 ./src/ioLibrary_Driver/Ethernet/wizchip_conf.o
                0x00000ed8                wizchip_bus_readdata
 .text.wizchip_bus_writedata
                0x00000edc        0x4 ./src/ioLibrary_Driver/Ethernet/wizchip_conf.o
                0x00000edc                wizchip_bus_writedata
 .text.wizchip_spi_readbyte
                0x00000ee0        0x4 ./src/ioLibrary_Driver/Ethernet/wizchip_conf.o
                0x00000ee0                wizchip_spi_readbyte
 .text.wizchip_spi_writebyte
                0x00000ee4        0x2 ./src/ioLibrary_Driver/Ethernet/wizchip_conf.o
                0x00000ee4                wizchip_spi_writebyte
 *fill*         0x00000ee6        0x2 
 .text.reg_wizchip_cs_cbfunc
                0x00000ee8       0x24 ./src/ioLibrary_Driver/Ethernet/wizchip_conf.o
                0x00000ee8                reg_wizchip_cs_cbfunc
 .text.reg_wizchip_spi_cbfunc
                0x00000f0c       0x30 ./src/ioLibrary_Driver/Ethernet/wizchip_conf.o
                0x00000f0c                reg_wizchip_spi_cbfunc
 .text.wizchip_sw_reset
                0x00000f3c       0x68 ./src/ioLibrary_Driver/Ethernet/wizchip_conf.o
                0x00000f3c                wizchip_sw_reset
 .text.wizchip_init
                0x00000fa4       0xa2 ./src/ioLibrary_Driver/Ethernet/wizchip_conf.o
                0x00000fa4                wizchip_init
 .text.wizchip_clrinterrupt
                0x00001046        0xe ./src/ioLibrary_Driver/Ethernet/wizchip_conf.o
                0x00001046                wizchip_clrinterrupt
 .text.wizchip_getinterrupt
                0x00001054        0xe ./src/ioLibrary_Driver/Ethernet/wizchip_conf.o
                0x00001054                wizchip_getinterrupt
 .text.wizchip_setinterruptmask
                0x00001062       0x14 ./src/ioLibrary_Driver/Ethernet/wizchip_conf.o
                0x00001062                wizchip_setinterruptmask
 .text.wizchip_getinterruptmask
                0x00001076       0x16 ./src/ioLibrary_Driver/Ethernet/wizchip_conf.o
                0x00001076                wizchip_getinterruptmask
 .text.wizphy_getphylink
                0x0000108c       0x16 ./src/ioLibrary_Driver/Ethernet/wizchip_conf.o
                0x0000108c                wizphy_getphylink
 .text.wizphy_getphypmode
                0x000010a2        0x6 ./src/ioLibrary_Driver/Ethernet/wizchip_conf.o
                0x000010a2                wizphy_getphypmode
 .text.wizphy_reset
                0x000010a8       0x26 ./src/ioLibrary_Driver/Ethernet/wizchip_conf.o
                0x000010a8                wizphy_reset
 .text.wizphy_setphyconf
                0x000010ce       0x4a ./src/ioLibrary_Driver/Ethernet/wizchip_conf.o
                0x000010ce                wizphy_setphyconf
 .text.wizphy_getphyconf
                0x00001118       0x3e ./src/ioLibrary_Driver/Ethernet/wizchip_conf.o
                0x00001118                wizphy_getphyconf
 .text.wizphy_setphypmode
                0x00001156       0x4c ./src/ioLibrary_Driver/Ethernet/wizchip_conf.o
                0x00001156                wizphy_setphypmode
 *fill*         0x000011a2        0x2 
 .text.ctlwizchip
                0x000011a4       0xe4 ./src/ioLibrary_Driver/Ethernet/wizchip_conf.o
                0x000011a4                ctlwizchip
 .text.wizchip_setnetinfo
                0x00001288       0x54 ./src/ioLibrary_Driver/Ethernet/wizchip_conf.o
                0x00001288                wizchip_setnetinfo
 .text.wizchip_getnetinfo
                0x000012dc       0x54 ./src/ioLibrary_Driver/Ethernet/wizchip_conf.o
                0x000012dc                wizchip_getnetinfo
 .text.loopback_tcps
                0x00001330      0x148 ./src/ioLibrary_Driver/Application/loopback/loopback.o
                0x00001330                loopback_tcps
 .text.register_read
                0x00001478       0x70 ./src/ioLibrary_Driver/Application/loopback/loopback.o
                0x00001478                register_read
 .text.Default_Handler
                0x000014e8        0x2 ./src/cmsis_boot/startup/startup_stm32f10x_hd.o
                0x000014e8                EXTI2_IRQHandler
                0x000014e8                TIM8_TRG_COM_IRQHandler
                0x000014e8                TIM8_CC_IRQHandler
                0x000014e8                DebugMon_Handler
                0x000014e8                TIM1_CC_IRQHandler
                0x000014e8                TIM6_IRQHandler
                0x000014e8                SysTick_Handler
                0x000014e8                PVD_IRQHandler
                0x000014e8                SDIO_IRQHandler
                0x000014e8                PendSV_Handler
                0x000014e8                EXTI3_IRQHandler
                0x000014e8                EXTI0_IRQHandler
                0x000014e8                I2C2_EV_IRQHandler
                0x000014e8                ADC1_2_IRQHandler
                0x000014e8                SPI1_IRQHandler
                0x000014e8                TAMPER_IRQHandler
                0x000014e8                TIM8_UP_IRQHandler
                0x000014e8                DMA2_Channel2_IRQHandler
                0x000014e8                DMA1_Channel4_IRQHandler
                0x000014e8                USART3_IRQHandler
                0x000014e8                RTC_IRQHandler
                0x000014e8                DMA1_Channel7_IRQHandler
                0x000014e8                CAN1_RX1_IRQHandler
                0x000014e8                UART5_IRQHandler
                0x000014e8                ADC3_IRQHandler
                0x000014e8                TIM4_IRQHandler
                0x000014e8                DMA2_Channel1_IRQHandler
                0x000014e8                I2C1_EV_IRQHandler
                0x000014e8                DMA1_Channel6_IRQHandler
                0x000014e8                UART4_IRQHandler
                0x000014e8                TIM3_IRQHandler
                0x000014e8                RCC_IRQHandler
                0x000014e8                TIM1_TRG_COM_IRQHandler
                0x000014e8                DMA1_Channel1_IRQHandler
                0x000014e8                EXTI15_10_IRQHandler
                0x000014e8                TIM7_IRQHandler
                0x000014e8                TIM5_IRQHandler
                0x000014e8                EXTI9_5_IRQHandler
                0x000014e8                SPI2_IRQHandler
                0x000014e8                SVC_Handler
                0x000014e8                DMA1_Channel5_IRQHandler
                0x000014e8                EXTI4_IRQHandler
                0x000014e8                USB_LP_CAN1_RX0_IRQHandler
                0x000014e8                USB_HP_CAN1_TX_IRQHandler
                0x000014e8                DMA1_Channel3_IRQHandler
                0x000014e8                FSMC_IRQHandler
                0x000014e8                TIM1_UP_IRQHandler
                0x000014e8                WWDG_IRQHandler
                0x000014e8                TIM1_BRK_IRQHandler
                0x000014e8                EXTI1_IRQHandler
                0x000014e8                RTCAlarm_IRQHandler
                0x000014e8                DMA2_Channel4_5_IRQHandler
                0x000014e8                USART2_IRQHandler
                0x000014e8                I2C2_ER_IRQHandler
                0x000014e8                DMA1_Channel2_IRQHandler
                0x000014e8                TIM8_BRK_IRQHandler
                0x000014e8                CAN1_SCE_IRQHandler
                0x000014e8                FLASH_IRQHandler
                0x000014e8                SPI3_IRQHandler
                0x000014e8                I2C1_ER_IRQHandler
                0x000014e8                USBWakeUp_IRQHandler
                0x000014e8                DMA2_Channel3_IRQHandler
 *fill*         0x000014ea        0x2 
 .text.Default_Reset_Handler
                0x000014ec       0x48 ./src/cmsis_boot/startup/startup_stm32f10x_hd.o
                0x000014ec                Default_Reset_Handler
                0x000014ec                Reset_Handler
 .text.SetSysClockTo72
                0x00001534       0xc4 ./src/cmsis_boot/system_stm32f10x.o
 .text.SetSysClock
                0x000015f8        0x8 ./src/cmsis_boot/system_stm32f10x.o
 .text.SystemInit
                0x00001600       0x50 ./src/cmsis_boot/system_stm32f10x.o
                0x00001600                SystemInit
 .text.HardFault_Handler
                0x00001650       0x10 ./src/HALInit.o
                0x00001650                HardFault_Handler
 .text.MemManage_Handler
                0x00001660       0x10 ./src/HALInit.o
                0x00001660                MemManage_Handler
 .text.NMI_Handler
                0x00001670       0x10 ./src/HALInit.o
                0x00001670                NMI_Handler
 .text.BusFault_Handler
                0x00001680       0x10 ./src/HALInit.o
                0x00001680                BusFault_Handler
 .text.UsageFault_Handler
                0x00001690       0x10 ./src/HALInit.o
                0x00001690                UsageFault_Handler
 .text.timerInitialize
                0x000016a0       0x72 ./src/HALInit.o
                0x000016a0                timerInitialize
 *fill*         0x00001712        0x2 
 .text.TIM2_IRQHandler
                0x00001714       0x1c ./src/HALInit.o
                0x00001714                TIM2_IRQHandler
 .text.TIM2_gettimer
                0x00001730        0xc ./src/HALInit.o
                0x00001730                TIM2_gettimer
 .text.gpioInitialize
                0x0000173c       0xb0 ./src/HALInit.o
                0x0000173c                gpioInitialize
 .text.usartInitialize
                0x000017ec       0x78 ./src/HALInit.o
                0x000017ec                usartInitialize
 .text.spiInitailize
                0x00001864       0x60 ./src/HALInit.o
                0x00001864                spiInitailize
 .text.W5100SInitialze
                0x000018c4       0x58 ./src/W5100SRelFunctions.o
                0x000018c4                W5100SInitialze
 .text.spiReadByte
                0x0000191c       0x30 ./src/W5100SRelFunctions.o
                0x0000191c                spiReadByte
 .text.spiWriteByte
                0x0000194c       0x30 ./src/W5100SRelFunctions.o
                0x0000194c                spiWriteByte
 .text.csEnable
                0x0000197c       0x10 ./src/W5100SRelFunctions.o
                0x0000197c                csEnable
 .text.csDisable
                0x0000198c       0x10 ./src/W5100SRelFunctions.o
                0x0000198c                csDisable
 .text.resetAssert
                0x0000199c       0x14 ./src/W5100SRelFunctions.o
                0x0000199c                resetAssert
 .text.resetDeassert
                0x000019b0       0x14 ./src/W5100SRelFunctions.o
                0x000019b0                resetDeassert
 .text.delay    0x000019c4       0x14 ./src/main.o
                0x000019c4                delay
 .text.print_network_information
                0x000019d8       0x80 ./src/main.o
                0x000019d8                print_network_information
 .text.main     0x00001a58       0x84 ./src/main.o
                0x00001a58                main
 .text.queue_put
                0x00001adc       0x48 ./src/msgq.o
                0x00001adc                queue_put
 .text.queue_get
                0x00001b24       0x3c ./src/msgq.o
                0x00001b24                queue_get
 .text.queue_isEmpty
                0x00001b60       0x18 ./src/msgq.o
                0x00001b60                queue_isEmpty
 .text.USART1_IRQHandler
                0x00001b78       0x28 ./src/serialCommand.o
                0x00001b78                USART1_IRQHandler
 .text._read    0x00001ba0       0x30 ./src/serialCommand.o
                0x00001ba0                _read
 .text._write   0x00001bd0       0x4c ./src/serialCommand.o
                0x00001bd0                _write
 .text.memset   0x00001c1c       0x10 c:/program files (x86)/gnu tools arm embedded/8 2018-q4-major/bin/../lib/gcc/arm-none-eabi/8.2.1/../../../../arm-none-eabi/lib/thumb/v7-m/nofp\libg_nano.a(lib_a-memset.o)
                0x00001c1c                memset
 .text._free_r  0x00001c2c       0x98 c:/program files (x86)/gnu tools arm embedded/8 2018-q4-major/bin/../lib/gcc/arm-none-eabi/8.2.1/../../../../arm-none-eabi/lib/thumb/v7-m/nofp\libg_nano.a(lib_a-nano-freer.o)
                0x00001c2c                _free_r
 .text._malloc_r
                0x00001cc4       0xb4 c:/program files (x86)/gnu tools arm embedded/8 2018-q4-major/bin/../lib/gcc/arm-none-eabi/8.2.1/../../../../arm-none-eabi/lib/thumb/v7-m/nofp\libg_nano.a(lib_a-nano-mallocr.o)
                0x00001cc4                _malloc_r
 .text.printf   0x00001d78       0x30 c:/program files (x86)/gnu tools arm embedded/8 2018-q4-major/bin/../lib/gcc/arm-none-eabi/8.2.1/../../../../arm-none-eabi/lib/thumb/v7-m/nofp\libg_nano.a(lib_a-printf.o)
                0x00001d78                iprintf
                0x00001d78                printf
 .text._sbrk_r  0x00001da8       0x20 c:/program files (x86)/gnu tools arm embedded/8 2018-q4-major/bin/../lib/gcc/arm-none-eabi/8.2.1/../../../../arm-none-eabi/lib/thumb/v7-m/nofp\libg_nano.a(lib_a-sbrkr.o)
                0x00001da8                _sbrk_r
 .text.std      0x00001dc8       0x48 c:/program files (x86)/gnu tools arm embedded/8 2018-q4-major/bin/../lib/gcc/arm-none-eabi/8.2.1/../../../../arm-none-eabi/lib/thumb/v7-m/nofp\libg_nano.a(lib_a-findfp.o)
 .text._cleanup_r
                0x00001e10        0xc c:/program files (x86)/gnu tools arm embedded/8 2018-q4-major/bin/../lib/gcc/arm-none-eabi/8.2.1/../../../../arm-none-eabi/lib/thumb/v7-m/nofp\libg_nano.a(lib_a-findfp.o)
                0x00001e10                _cleanup_r
 .text.__sfmoreglue
                0x00001e1c       0x2c c:/program files (x86)/gnu tools arm embedded/8 2018-q4-major/bin/../lib/gcc/arm-none-eabi/8.2.1/../../../../arm-none-eabi/lib/thumb/v7-m/nofp\libg_nano.a(lib_a-findfp.o)
                0x00001e1c                __sfmoreglue
 .text.__sfp_lock_acquire
                0x00001e48        0xc c:/program files (x86)/gnu tools arm embedded/8 2018-q4-major/bin/../lib/gcc/arm-none-eabi/8.2.1/../../../../arm-none-eabi/lib/thumb/v7-m/nofp\libg_nano.a(lib_a-findfp.o)
                0x00001e48                __sfp_lock_acquire
 .text.__sfp_lock_release
                0x00001e54        0xc c:/program files (x86)/gnu tools arm embedded/8 2018-q4-major/bin/../lib/gcc/arm-none-eabi/8.2.1/../../../../arm-none-eabi/lib/thumb/v7-m/nofp\libg_nano.a(lib_a-findfp.o)
                0x00001e54                __sfp_lock_release
 .text.__sinit_lock_acquire
                0x00001e60        0xc c:/program files (x86)/gnu tools arm embedded/8 2018-q4-major/bin/../lib/gcc/arm-none-eabi/8.2.1/../../../../arm-none-eabi/lib/thumb/v7-m/nofp\libg_nano.a(lib_a-findfp.o)
                0x00001e60                __sinit_lock_acquire
 .text.__sinit_lock_release
                0x00001e6c        0xc c:/program files (x86)/gnu tools arm embedded/8 2018-q4-major/bin/../lib/gcc/arm-none-eabi/8.2.1/../../../../arm-none-eabi/lib/thumb/v7-m/nofp\libg_nano.a(lib_a-findfp.o)
                0x00001e6c                __sinit_lock_release
 .text.__sinit  0x00001e78       0x70 c:/program files (x86)/gnu tools arm embedded/8 2018-q4-major/bin/../lib/gcc/arm-none-eabi/8.2.1/../../../../arm-none-eabi/lib/thumb/v7-m/nofp\libg_nano.a(lib_a-findfp.o)
                0x00001e78                __sinit
 .text.__sfp    0x00001ee8       0x8c c:/program files (x86)/gnu tools arm embedded/8 2018-q4-major/bin/../lib/gcc/arm-none-eabi/8.2.1/../../../../arm-none-eabi/lib/thumb/v7-m/nofp\libg_nano.a(lib_a-findfp.o)
                0x00001ee8                __sfp
 .text._fwalk_reent
                0x00001f74       0x3c c:/program files (x86)/gnu tools arm embedded/8 2018-q4-major/bin/../lib/gcc/arm-none-eabi/8.2.1/../../../../arm-none-eabi/lib/thumb/v7-m/nofp\libg_nano.a(lib_a-fwalk.o)
                0x00001f74                _fwalk_reent
 .text.__retarget_lock_init_recursive
                0x00001fb0        0x2 c:/program files (x86)/gnu tools arm embedded/8 2018-q4-major/bin/../lib/gcc/arm-none-eabi/8.2.1/../../../../arm-none-eabi/lib/thumb/v7-m/nofp\libg_nano.a(lib_a-lock.o)
                0x00001fb0                __retarget_lock_init_recursive
 .text.__retarget_lock_acquire_recursive
                0x00001fb2        0x2 c:/program files (x86)/gnu tools arm embedded/8 2018-q4-major/bin/../lib/gcc/arm-none-eabi/8.2.1/../../../../arm-none-eabi/lib/thumb/v7-m/nofp\libg_nano.a(lib_a-lock.o)
                0x00001fb2                __retarget_lock_acquire_recursive
 .text.__retarget_lock_release_recursive
                0x00001fb4        0x2 c:/program files (x86)/gnu tools arm embedded/8 2018-q4-major/bin/../lib/gcc/arm-none-eabi/8.2.1/../../../../arm-none-eabi/lib/thumb/v7-m/nofp\libg_nano.a(lib_a-lock.o)
                0x00001fb4                __retarget_lock_release_recursive
 *fill*         0x00001fb6        0x2 
 .text.__malloc_lock
                0x00001fb8        0xc c:/program files (x86)/gnu tools arm embedded/8 2018-q4-major/bin/../lib/gcc/arm-none-eabi/8.2.1/../../../../arm-none-eabi/lib/thumb/v7-m/nofp\libg_nano.a(lib_a-mlock.o)
                0x00001fb8                __malloc_lock
 .text.__malloc_unlock
                0x00001fc4        0xc c:/program files (x86)/gnu tools arm embedded/8 2018-q4-major/bin/../lib/gcc/arm-none-eabi/8.2.1/../../../../arm-none-eabi/lib/thumb/v7-m/nofp\libg_nano.a(lib_a-mlock.o)
                0x00001fc4                __malloc_unlock
 .text.__sfputc_r
                0x00001fd0       0x2a c:/program files (x86)/gnu tools arm embedded/8 2018-q4-major/bin/../lib/gcc/arm-none-eabi/8.2.1/../../../../arm-none-eabi/lib/thumb/v7-m/nofp\libg_nano.a(lib_a-nano-vfprintf.o)
 .text.__sfputs_r
                0x00001ffa       0x24 c:/program files (x86)/gnu tools arm embedded/8 2018-q4-major/bin/../lib/gcc/arm-none-eabi/8.2.1/../../../../arm-none-eabi/lib/thumb/v7-m/nofp\libg_nano.a(lib_a-nano-vfprintf.o)
                0x00001ffa                __sfputs_r
 *fill*         0x0000201e        0x2 
 .text._vfprintf_r
                0x00002020      0x250 c:/program files (x86)/gnu tools arm embedded/8 2018-q4-major/bin/../lib/gcc/arm-none-eabi/8.2.1/../../../../arm-none-eabi/lib/thumb/v7-m/nofp\libg_nano.a(lib_a-nano-vfprintf.o)
                0x00002020                _vfprintf_r
                0x00002020                _vfiprintf_r
 .text._printf_common
                0x00002270       0xec c:/program files (x86)/gnu tools arm embedded/8 2018-q4-major/bin/../lib/gcc/arm-none-eabi/8.2.1/../../../../arm-none-eabi/lib/thumb/v7-m/nofp\libg_nano.a(lib_a-nano-vfprintf_i.o)
                0x00002270                _printf_common
 .text._printf_i
                0x0000235c      0x22c c:/program files (x86)/gnu tools arm embedded/8 2018-q4-major/bin/../lib/gcc/arm-none-eabi/8.2.1/../../../../arm-none-eabi/lib/thumb/v7-m/nofp\libg_nano.a(lib_a-nano-vfprintf_i.o)
                0x0000235c                _printf_i
 .text.__sread  0x00002588       0x22 c:/program files (x86)/gnu tools arm embedded/8 2018-q4-major/bin/../lib/gcc/arm-none-eabi/8.2.1/../../../../arm-none-eabi/lib/thumb/v7-m/nofp\libg_nano.a(lib_a-stdio.o)
                0x00002588                __sread
 .text.__swrite
                0x000025aa       0x38 c:/program files (x86)/gnu tools arm embedded/8 2018-q4-major/bin/../lib/gcc/arm-none-eabi/8.2.1/../../../../arm-none-eabi/lib/thumb/v7-m/nofp\libg_nano.a(lib_a-stdio.o)
                0x000025aa                __swrite
 .text.__sseek  0x000025e2       0x24 c:/program files (x86)/gnu tools arm embedded/8 2018-q4-major/bin/../lib/gcc/arm-none-eabi/8.2.1/../../../../arm-none-eabi/lib/thumb/v7-m/nofp\libg_nano.a(lib_a-stdio.o)
                0x000025e2                __sseek
 .text.__sclose
                0x00002606        0x8 c:/program files (x86)/gnu tools arm embedded/8 2018-q4-major/bin/../lib/gcc/arm-none-eabi/8.2.1/../../../../arm-none-eabi/lib/thumb/v7-m/nofp\libg_nano.a(lib_a-stdio.o)
                0x00002606                __sclose
 *fill*         0x0000260e        0x2 
 .text.__swbuf_r
                0x00002610       0xa4 c:/program files (x86)/gnu tools arm embedded/8 2018-q4-major/bin/../lib/gcc/arm-none-eabi/8.2.1/../../../../arm-none-eabi/lib/thumb/v7-m/nofp\libg_nano.a(lib_a-wbuf.o)
                0x00002610                __swbuf_r
 .text._write_r
                0x000026b4       0x24 c:/program files (x86)/gnu tools arm embedded/8 2018-q4-major/bin/../lib/gcc/arm-none-eabi/8.2.1/../../../../arm-none-eabi/lib/thumb/v7-m/nofp\libg_nano.a(lib_a-writer.o)
                0x000026b4                _write_r
 .text.__swsetup_r
                0x000026d8       0xdc c:/program files (x86)/gnu tools arm embedded/8 2018-q4-major/bin/../lib/gcc/arm-none-eabi/8.2.1/../../../../arm-none-eabi/lib/thumb/v7-m/nofp\libg_nano.a(lib_a-wsetup.o)
                0x000026d8                __swsetup_r
 .text._close_r
                0x000027b4       0x20 c:/program files (x86)/gnu tools arm embedded/8 2018-q4-major/bin/../lib/gcc/arm-none-eabi/8.2.1/../../../../arm-none-eabi/lib/thumb/v7-m/nofp\libg_nano.a(lib_a-closer.o)
                0x000027b4                _close_r
 .text.__sflush_r
                0x000027d4      0x10c c:/program files (x86)/gnu tools arm embedded/8 2018-q4-major/bin/../lib/gcc/arm-none-eabi/8.2.1/../../../../arm-none-eabi/lib/thumb/v7-m/nofp\libg_nano.a(lib_a-fflush.o)
                0x000027d4                __sflush_r
 .text._fflush_r
                0x000028e0       0x78 c:/program files (x86)/gnu tools arm embedded/8 2018-q4-major/bin/../lib/gcc/arm-none-eabi/8.2.1/../../../../arm-none-eabi/lib/thumb/v7-m/nofp\libg_nano.a(lib_a-fflush.o)
                0x000028e0                _fflush_r
 .text._lseek_r
                0x00002958       0x24 c:/program files (x86)/gnu tools arm embedded/8 2018-q4-major/bin/../lib/gcc/arm-none-eabi/8.2.1/../../../../arm-none-eabi/lib/thumb/v7-m/nofp\libg_nano.a(lib_a-lseekr.o)
                0x00002958                _lseek_r
 .text.__swhatbuf_r
                0x0000297c       0x48 c:/program files (x86)/gnu tools arm embedded/8 2018-q4-major/bin/../lib/gcc/arm-none-eabi/8.2.1/../../../../arm-none-eabi/lib/thumb/v7-m/nofp\libg_nano.a(lib_a-makebuf.o)
                0x0000297c                __swhatbuf_r
 .text.__smakebuf_r
                0x000029c4       0x80 c:/program files (x86)/gnu tools arm embedded/8 2018-q4-major/bin/../lib/gcc/arm-none-eabi/8.2.1/../../../../arm-none-eabi/lib/thumb/v7-m/nofp\libg_nano.a(lib_a-makebuf.o)
                0x000029c4                __smakebuf_r
 .text.memchr   0x00002a44       0x1c c:/program files (x86)/gnu tools arm embedded/8 2018-q4-major/bin/../lib/gcc/arm-none-eabi/8.2.1/../../../../arm-none-eabi/lib/thumb/v7-m/nofp\libg_nano.a(lib_a-memchr-stub.o)
                0x00002a44                memchr
 .text._read_r  0x00002a60       0x24 c:/program files (x86)/gnu tools arm embedded/8 2018-q4-major/bin/../lib/gcc/arm-none-eabi/8.2.1/../../../../arm-none-eabi/lib/thumb/v7-m/nofp\libg_nano.a(lib_a-readr.o)
                0x00002a60                _read_r
 .text._fstat_r
                0x00002a84       0x24 c:/program files (x86)/gnu tools arm embedded/8 2018-q4-major/bin/../lib/gcc/arm-none-eabi/8.2.1/../../../../arm-none-eabi/lib/thumb/v7-m/nofp\libg_nano.a(lib_a-fstatr.o)
                0x00002a84                _fstat_r
 .text._isatty_r
                0x00002aa8       0x20 c:/program files (x86)/gnu tools arm embedded/8 2018-q4-major/bin/../lib/gcc/arm-none-eabi/8.2.1/../../../../arm-none-eabi/lib/thumb/v7-m/nofp\libg_nano.a(lib_a-isattyr.o)
                0x00002aa8                _isatty_r
 *(.rodata .rodata.* .constdata .constdata.*)
 .rodata.loopback_tcps.str1.4
                0x00002ac8       0x64 ./src/ioLibrary_Driver/Application/loopback/loopback.o
 .rodata.register_read.str1.4
                0x00002b2c       0x89 ./src/ioLibrary_Driver/Application/loopback/loopback.o
                                 0x8f (size before relaxing)
 *fill*         0x00002bb5        0x3 
 .rodata.BusFault_Handler.str1.4
                0x00002bb8        0xf ./src/HALInit.o
 *fill*         0x00002bc7        0x1 
 .rodata.HardFault_Handler.str1.4
                0x00002bc8       0x10 ./src/HALInit.o
 .rodata.MemManage_Handler.str1.4
                0x00002bd8       0x10 ./src/HALInit.o
 .rodata.NMI_Handler.str1.4
                0x00002be8       0x11 ./src/HALInit.o
 *fill*         0x00002bf9        0x3 
 .rodata        0x00002bfc        0x8 ./src/W5100SRelFunctions.o
 .rodata.W5100SInitialze.str1.4
                0x00002c04       0x2f ./src/W5100SRelFunctions.o
 *fill*         0x00002c33        0x1 
 .rodata.main.str1.4
                0x00002c34       0x3a ./src/main.o
 *fill*         0x00002c6e        0x2 
 .rodata.print_network_information.str1.4
                0x00002c70       0x9f ./src/main.o
 *fill*         0x00002d0f        0x1 
 .rodata.queue_get.str1.4
                0x00002d10       0x14 ./src/msgq.o
 .rodata.queue_put.str1.4
                0x00002d24       0x14 ./src/msgq.o
 .rodata.__sf_fake_stderr
                0x00002d38       0x20 c:/program files (x86)/gnu tools arm embedded/8 2018-q4-major/bin/../lib/gcc/arm-none-eabi/8.2.1/../../../../arm-none-eabi/lib/thumb/v7-m/nofp\libg_nano.a(lib_a-findfp.o)
                0x00002d38                __sf_fake_stderr
 .rodata.__sf_fake_stdin
                0x00002d58       0x20 c:/program files (x86)/gnu tools arm embedded/8 2018-q4-major/bin/../lib/gcc/arm-none-eabi/8.2.1/../../../../arm-none-eabi/lib/thumb/v7-m/nofp\libg_nano.a(lib_a-findfp.o)
                0x00002d58                __sf_fake_stdin
 .rodata.__sf_fake_stdout
                0x00002d78       0x20 c:/program files (x86)/gnu tools arm embedded/8 2018-q4-major/bin/../lib/gcc/arm-none-eabi/8.2.1/../../../../arm-none-eabi/lib/thumb/v7-m/nofp\libg_nano.a(lib_a-findfp.o)
                0x00002d78                __sf_fake_stdout
 .rodata._global_impure_ptr
                0x00002d98        0x4 c:/program files (x86)/gnu tools arm embedded/8 2018-q4-major/bin/../lib/gcc/arm-none-eabi/8.2.1/../../../../arm-none-eabi/lib/thumb/v7-m/nofp\libg_nano.a(lib_a-impure.o)
                0x00002d98                _global_impure_ptr
 .rodata._vfprintf_r.str1.1
                0x00002d9c       0x11 c:/program files (x86)/gnu tools arm embedded/8 2018-q4-major/bin/../lib/gcc/arm-none-eabi/8.2.1/../../../../arm-none-eabi/lib/thumb/v7-m/nofp\libg_nano.a(lib_a-nano-vfprintf.o)
 .rodata._printf_i.str1.1
                0x00002dad       0x22 c:/program files (x86)/gnu tools arm embedded/8 2018-q4-major/bin/../lib/gcc/arm-none-eabi/8.2.1/../../../../arm-none-eabi/lib/thumb/v7-m/nofp\libg_nano.a(lib_a-nano-vfprintf_i.o)
 *(vtable)
 *(.eh_frame*)
 *(.glue_7)
 .glue_7        0x00002dcf        0x0 linker stubs
 *(.glue_7t)
 .glue_7t       0x00002dcf        0x0 linker stubs

.vfp11_veneer   0x00002dd0        0x0
 .vfp11_veneer  0x00002dd0        0x0 linker stubs

.v4_bx          0x00002dd0        0x0
 .v4_bx         0x00002dd0        0x0 linker stubs

.iplt           0x00002dd0        0x0
 .iplt          0x00002dd0        0x0 ./src/syscalls/syscalls.o

.rel.dyn        0x00002dd0        0x0
 .rel.iplt      0x00002dd0        0x0 ./src/syscalls/syscalls.o

.ARM.extab
 *(.ARM.extab* .gnu.linkonce.armextab.*)
                0x00002dd0                . = ALIGN (0x4)
                0x00002dd0                __exidx_start = .

.ARM.exidx
 *(.ARM.exidx* .gnu.linkonce.armexidx.*)
                0x00002dd0                __exidx_end = .
                0x00002dd0                . = ALIGN (0x4)
                0x00002dd0                _etext = .
                0x00002dd0                __etext = .

.data_CCMRAM    0x10000000        0x0 load address 0x00002dd0
 FILL mask 0xff
 *(.data.CCMRAM .data.CCMRAM.*)
                0x10000000                . = ALIGN (0x4)
                0x00002dd0                _sidata = LOADADDR (.data)

.data           0x20000000       0xcc load address 0x00002dd0
 FILL mask 0xff
                0x20000000                _sdata = .
                0x20000000                __data_start__ = .
 *(.data_begin .data_begin.*)
 *(.data .data.*)
 .data.ADCPrescTable
                0x20000000        0x4 ./src/stm_lib/src/stm32f10x_rcc.o
 .data.APBAHBPrescTable
                0x20000004       0x10 ./src/stm_lib/src/stm32f10x_rcc.o
 .data.sock_any_port
                0x20000014        0x2 ./src/ioLibrary_Driver/Ethernet/socket.o
 *fill*         0x20000016        0x2 ff
 .data.WIZCHIP  0x20000018       0x28 ./src/ioLibrary_Driver/Ethernet/wizchip_conf.o
                0x20000018                WIZCHIP
 .data.gWIZNETINFO
                0x20000040       0x17 ./src/main.o
                0x20000040                gWIZNETINFO
 *fill*         0x20000057        0x1 ff
 .data.serialMsgQueue
                0x20000058       0x10 ./src/msgq.o
                0x20000058                serialMsgQueue
 .data._impure_ptr
                0x20000068        0x4 c:/program files (x86)/gnu tools arm embedded/8 2018-q4-major/bin/../lib/gcc/arm-none-eabi/8.2.1/../../../../arm-none-eabi/lib/thumb/v7-m/nofp\libg_nano.a(lib_a-impure.o)
                0x20000068                _impure_ptr
 .data.impure_data
                0x2000006c       0x60 c:/program files (x86)/gnu tools arm embedded/8 2018-q4-major/bin/../lib/gcc/arm-none-eabi/8.2.1/../../../../arm-none-eabi/lib/thumb/v7-m/nofp\libg_nano.a(lib_a-impure.o)
 *(.data_end .data_end.*)
                0x200000cc                . = ALIGN (0x4)
                0x200000cc                _edata = .
                0x200000cc                __data_end__ = .

.igot.plt       0x200000cc        0x0 load address 0x00002e9c
 .igot.plt      0x200000cc        0x0 ./src/syscalls/syscalls.o

.co_stack       0x200000cc      0x400 load address 0x00002e9c
 .co_stack      0x200000cc      0x400 ./src/cmsis_boot/startup/startup_stm32f10x_hd.o
                0x200000cc                pulStack

.bss_CCMRAM     0x10000000        0x0
 *(.bss.CCMRAM .bss.CCMRAM.*)

.bss            0x200004cc     0x2138
                0x200004cc                __bss_start__ = .
                0x200004cc                _sbss = .
 *(.bss_begin .bss_begin.*)
 *(.bss .bss.*)
 .bss.heap.4862
                0x200004cc        0x4 ./src/syscalls/syscalls.o
 .bss.sock_io_mode
                0x200004d0        0x2 ./src/ioLibrary_Driver/Ethernet/socket.o
 .bss.sock_is_sending
                0x200004d2        0x2 ./src/ioLibrary_Driver/Ethernet/socket.o
 .bss.sock_pack_info
                0x200004d4        0x4 ./src/ioLibrary_Driver/Ethernet/socket.o
                0x200004d4                sock_pack_info
 .bss.sock_remained_size
                0x200004d8        0x8 ./src/ioLibrary_Driver/Ethernet/socket.o
 .bss._DHCP_    0x200004e0        0x1 ./src/ioLibrary_Driver/Ethernet/wizchip_conf.o
 *fill*         0x200004e1        0x3 
 .bss._DNS_     0x200004e4        0x4 ./src/ioLibrary_Driver/Ethernet/wizchip_conf.o
 .bss.globalTimer
                0x200004e8        0x4 ./src/HALInit.o
                0x200004e8                globalTimer
 .bss.__malloc_free_list
                0x200004ec        0x4 c:/program files (x86)/gnu tools arm embedded/8 2018-q4-major/bin/../lib/gcc/arm-none-eabi/8.2.1/../../../../arm-none-eabi/lib/thumb/v7-m/nofp\libg_nano.a(lib_a-nano-mallocr.o)
                0x200004ec                __malloc_free_list
 .bss.__malloc_sbrk_start
                0x200004f0        0x4 c:/program files (x86)/gnu tools arm embedded/8 2018-q4-major/bin/../lib/gcc/arm-none-eabi/8.2.1/../../../../arm-none-eabi/lib/thumb/v7-m/nofp\libg_nano.a(lib_a-nano-mallocr.o)
                0x200004f0                __malloc_sbrk_start
 *(COMMON)
 COMMON         0x200004f4     0x2000 ./src/main.o
                0x200004f4                ethBuf1
                0x20000cf4                ethBuf2
                0x200014f4                ethBuf3
                0x20001cf4                ethBuf0
 COMMON         0x200024f4      0x100 ./src/msgq.o
                0x200024f4                serialMsgQueueBuf
 COMMON         0x200025f4        0x9 c:/program files (x86)/gnu tools arm embedded/8 2018-q4-major/bin/../lib/gcc/arm-none-eabi/8.2.1/../../../../arm-none-eabi/lib/thumb/v7-m/nofp\libg_nano.a(lib_a-lock.o)
                0x200025f4                __lock___atexit_recursive_mutex
                0x200025f5                __lock___arc4random_mutex
                0x200025f6                __lock___env_recursive_mutex
                0x200025f7                __lock___sinit_recursive_mutex
                0x200025f8                __lock___malloc_recursive_mutex
                0x200025f9                __lock___at_quick_exit_mutex
                0x200025fa                __lock___dd_hash_mutex
                0x200025fb                __lock___tz_mutex
                0x200025fc                __lock___sfp_recursive_mutex
 *fill*         0x200025fd        0x3 
 COMMON         0x20002600        0x4 c:/program files (x86)/gnu tools arm embedded/8 2018-q4-major/bin/../lib/gcc/arm-none-eabi/8.2.1/../../../../arm-none-eabi/lib/thumb/v7-m/nofp\libg_nano.a(lib_a-reent.o)
                0x20002600                errno
 *(.bss_end .bss_end.*)
                0x20002604                . = ALIGN (0x4)
                0x20002604                __bss_end__ = .
                0x20002604                _ebss = .

.noinit_CCMRAM
 *(.noinit.CCMRAM .noinit.CCMRAM.*)

.noinit         0x20002604        0x0
                0x20002604                _noinit = .
 *(.noinit .noinit.*)
                0x20002604                . = ALIGN (0x4)
                0x20002604                _end_noinit = .
                [!provide]                PROVIDE (end = _end_noinit)
                0x20002604                PROVIDE (_end = _end_noinit)
                [!provide]                PROVIDE (__end = _end_noinit)
                [!provide]                PROVIDE (__end__ = _end_noinit)

._check_stack   0x20002604      0x100
                0x20002704                . = (. + _Minimum_Stack_Size)
 *fill*         0x20002604      0x100 

.b1text
 *(.b1text)
 *(.b1rodata)
 *(.b1rodata.*)

.eb0text
 *(.eb0text)
 *(.eb0rodata)
 *(.eb0rodata.*)

.eb1text
 *(.eb1text)
 *(.eb1rodata)
 *(.eb1rodata.*)

.eb2text
 *(.eb2text)
 *(.eb2rodata)
 *(.eb2rodata.*)

.eb3text
 *(.eb3text)
 *(.eb3rodata)
 *(.eb3rodata.*)

.stab
 *(.stab)

.stabstr
 *(.stabstr)

.stab.excl
 *(.stab.excl)

.stab.exclstr
 *(.stab.exclstr)

.stab.index
 *(.stab.index)

.stab.indexstr
 *(.stab.indexstr)

.comment        0x00000000       0x75
 *(.comment)
 .comment       0x00000000       0x75 ./src/syscalls/syscalls.o
                                 0x76 (size before relaxing)
 .comment       0x00000075       0x76 ./src/stm_lib/src/misc.o
 .comment       0x00000075       0x76 ./src/stm_lib/src/stm32f10x_gpio.o
 .comment       0x00000075       0x76 ./src/stm_lib/src/stm32f10x_rcc.o
 .comment       0x00000075       0x76 ./src/stm_lib/src/stm32f10x_spi.o
 .comment       0x00000075       0x76 ./src/stm_lib/src/stm32f10x_tim.o
 .comment       0x00000075       0x76 ./src/stm_lib/src/stm32f10x_usart.o
 .comment       0x00000075       0x76 ./src/ioLibrary_Driver/Ethernet/W5100S/w5100s.o
 .comment       0x00000075       0x76 ./src/ioLibrary_Driver/Ethernet/socket.o
 .comment       0x00000075       0x76 ./src/ioLibrary_Driver/Ethernet/wizchip_conf.o
 .comment       0x00000075       0x76 ./src/ioLibrary_Driver/Application/loopback/loopback.o
 .comment       0x00000075       0x76 ./src/cmsis_boot/startup/startup_stm32f10x_hd.o
 .comment       0x00000075       0x76 ./src/cmsis_boot/system_stm32f10x.o
 .comment       0x00000075       0x76 ./src/HALInit.o
 .comment       0x00000075       0x76 ./src/W5100SRelFunctions.o
 .comment       0x00000075       0x76 ./src/main.o
 .comment       0x00000075       0x76 ./src/msgq.o
 .comment       0x00000075       0x76 ./src/serialCommand.o

.ARM.attributes
                0x00000000       0x2b
 .ARM.attributes
                0x00000000       0x2d ./src/syscalls/syscalls.o
 .ARM.attributes
                0x0000002d       0x2d ./src/stm_lib/src/misc.o
 .ARM.attributes
                0x0000005a       0x2d ./src/stm_lib/src/stm32f10x_gpio.o
 .ARM.attributes
                0x00000087       0x2d ./src/stm_lib/src/stm32f10x_rcc.o
 .ARM.attributes
                0x000000b4       0x2d ./src/stm_lib/src/stm32f10x_spi.o
 .ARM.attributes
                0x000000e1       0x2d ./src/stm_lib/src/stm32f10x_tim.o
 .ARM.attributes
                0x0000010e       0x2d ./src/stm_lib/src/stm32f10x_usart.o
 .ARM.attributes
                0x0000013b       0x2d ./src/ioLibrary_Driver/Ethernet/W5100S/w5100s.o
 .ARM.attributes
                0x00000168       0x2d ./src/ioLibrary_Driver/Ethernet/socket.o
 .ARM.attributes
                0x00000195       0x2d ./src/ioLibrary_Driver/Ethernet/wizchip_conf.o
 .ARM.attributes
                0x000001c2       0x2d ./src/ioLibrary_Driver/Application/loopback/loopback.o
 .ARM.attributes
                0x000001ef       0x2d ./src/cmsis_boot/startup/startup_stm32f10x_hd.o
 .ARM.attributes
                0x0000021c       0x2d ./src/cmsis_boot/system_stm32f10x.o
 .ARM.attributes
                0x00000249       0x2d ./src/HALInit.o
 .ARM.attributes
                0x00000276       0x2d ./src/W5100SRelFunctions.o
 .ARM.attributes
                0x000002a3       0x2d ./src/main.o
 .ARM.attributes
                0x000002d0       0x2d ./src/msgq.o
 .ARM.attributes
                0x000002fd       0x2d ./src/serialCommand.o
 .ARM.attributes
                0x0000032a       0x2d c:/program files (x86)/gnu tools arm embedded/8 2018-q4-major/bin/../lib/gcc/arm-none-eabi/8.2.1/../../../../arm-none-eabi/lib/thumb/v7-m/nofp\libg_nano.a(lib_a-memset.o)
 .ARM.attributes
                0x00000357       0x2d c:/program files (x86)/gnu tools arm embedded/8 2018-q4-major/bin/../lib/gcc/arm-none-eabi/8.2.1/../../../../arm-none-eabi/lib/thumb/v7-m/nofp\libg_nano.a(lib_a-nano-freer.o)
 .ARM.attributes
                0x00000384       0x2d c:/program files (x86)/gnu tools arm embedded/8 2018-q4-major/bin/../lib/gcc/arm-none-eabi/8.2.1/../../../../arm-none-eabi/lib/thumb/v7-m/nofp\libg_nano.a(lib_a-nano-mallocr.o)
 .ARM.attributes
                0x000003b1       0x2d c:/program files (x86)/gnu tools arm embedded/8 2018-q4-major/bin/../lib/gcc/arm-none-eabi/8.2.1/../../../../arm-none-eabi/lib/thumb/v7-m/nofp\libg_nano.a(lib_a-printf.o)
 .ARM.attributes
                0x000003de       0x2d c:/program files (x86)/gnu tools arm embedded/8 2018-q4-major/bin/../lib/gcc/arm-none-eabi/8.2.1/../../../../arm-none-eabi/lib/thumb/v7-m/nofp\libg_nano.a(lib_a-sbrkr.o)
 .ARM.attributes
                0x0000040b       0x2d c:/program files (x86)/gnu tools arm embedded/8 2018-q4-major/bin/../lib/gcc/arm-none-eabi/8.2.1/../../../../arm-none-eabi/lib/thumb/v7-m/nofp\libg_nano.a(lib_a-findfp.o)
 .ARM.attributes
                0x00000438       0x2d c:/program files (x86)/gnu tools arm embedded/8 2018-q4-major/bin/../lib/gcc/arm-none-eabi/8.2.1/../../../../arm-none-eabi/lib/thumb/v7-m/nofp\libg_nano.a(lib_a-fwalk.o)
 .ARM.attributes
                0x00000465       0x2d c:/program files (x86)/gnu tools arm embedded/8 2018-q4-major/bin/../lib/gcc/arm-none-eabi/8.2.1/../../../../arm-none-eabi/lib/thumb/v7-m/nofp\libg_nano.a(lib_a-impure.o)
 .ARM.attributes
                0x00000492       0x2d c:/program files (x86)/gnu tools arm embedded/8 2018-q4-major/bin/../lib/gcc/arm-none-eabi/8.2.1/../../../../arm-none-eabi/lib/thumb/v7-m/nofp\libg_nano.a(lib_a-lock.o)
 .ARM.attributes
                0x000004bf       0x2d c:/program files (x86)/gnu tools arm embedded/8 2018-q4-major/bin/../lib/gcc/arm-none-eabi/8.2.1/../../../../arm-none-eabi/lib/thumb/v7-m/nofp\libg_nano.a(lib_a-mlock.o)
 .ARM.attributes
                0x000004ec       0x2d c:/program files (x86)/gnu tools arm embedded/8 2018-q4-major/bin/../lib/gcc/arm-none-eabi/8.2.1/../../../../arm-none-eabi/lib/thumb/v7-m/nofp\libg_nano.a(lib_a-nano-vfprintf.o)
 .ARM.attributes
                0x00000519       0x2d c:/program files (x86)/gnu tools arm embedded/8 2018-q4-major/bin/../lib/gcc/arm-none-eabi/8.2.1/../../../../arm-none-eabi/lib/thumb/v7-m/nofp\libg_nano.a(lib_a-nano-vfprintf_i.o)
 .ARM.attributes
                0x00000546       0x2d c:/program files (x86)/gnu tools arm embedded/8 2018-q4-major/bin/../lib/gcc/arm-none-eabi/8.2.1/../../../../arm-none-eabi/lib/thumb/v7-m/nofp\libg_nano.a(lib_a-reent.o)
 .ARM.attributes
                0x00000573       0x2d c:/program files (x86)/gnu tools arm embedded/8 2018-q4-major/bin/../lib/gcc/arm-none-eabi/8.2.1/../../../../arm-none-eabi/lib/thumb/v7-m/nofp\libg_nano.a(lib_a-stdio.o)
 .ARM.attributes
                0x000005a0       0x2d c:/program files (x86)/gnu tools arm embedded/8 2018-q4-major/bin/../lib/gcc/arm-none-eabi/8.2.1/../../../../arm-none-eabi/lib/thumb/v7-m/nofp\libg_nano.a(lib_a-wbuf.o)
 .ARM.attributes
                0x000005cd       0x2d c:/program files (x86)/gnu tools arm embedded/8 2018-q4-major/bin/../lib/gcc/arm-none-eabi/8.2.1/../../../../arm-none-eabi/lib/thumb/v7-m/nofp\libg_nano.a(lib_a-writer.o)
 .ARM.attributes
                0x000005fa       0x2d c:/program files (x86)/gnu tools arm embedded/8 2018-q4-major/bin/../lib/gcc/arm-none-eabi/8.2.1/../../../../arm-none-eabi/lib/thumb/v7-m/nofp\libg_nano.a(lib_a-wsetup.o)
 .ARM.attributes
                0x00000627       0x2d c:/program files (x86)/gnu tools arm embedded/8 2018-q4-major/bin/../lib/gcc/arm-none-eabi/8.2.1/../../../../arm-none-eabi/lib/thumb/v7-m/nofp\libg_nano.a(lib_a-closer.o)
 .ARM.attributes
                0x00000654       0x2d c:/program files (x86)/gnu tools arm embedded/8 2018-q4-major/bin/../lib/gcc/arm-none-eabi/8.2.1/../../../../arm-none-eabi/lib/thumb/v7-m/nofp\libg_nano.a(lib_a-fflush.o)
 .ARM.attributes
                0x00000681       0x2d c:/program files (x86)/gnu tools arm embedded/8 2018-q4-major/bin/../lib/gcc/arm-none-eabi/8.2.1/../../../../arm-none-eabi/lib/thumb/v7-m/nofp\libg_nano.a(lib_a-lseekr.o)
 .ARM.attributes
                0x000006ae       0x2d c:/program files (x86)/gnu tools arm embedded/8 2018-q4-major/bin/../lib/gcc/arm-none-eabi/8.2.1/../../../../arm-none-eabi/lib/thumb/v7-m/nofp\libg_nano.a(lib_a-makebuf.o)
 .ARM.attributes
                0x000006db       0x2d c:/program files (x86)/gnu tools arm embedded/8 2018-q4-major/bin/../lib/gcc/arm-none-eabi/8.2.1/../../../../arm-none-eabi/lib/thumb/v7-m/nofp\libg_nano.a(lib_a-memchr-stub.o)
 .ARM.attributes
                0x00000708       0x2d c:/program files (x86)/gnu tools arm embedded/8 2018-q4-major/bin/../lib/gcc/arm-none-eabi/8.2.1/../../../../arm-none-eabi/lib/thumb/v7-m/nofp\libg_nano.a(lib_a-readr.o)
 .ARM.attributes
                0x00000735       0x2d c:/program files (x86)/gnu tools arm embedded/8 2018-q4-major/bin/../lib/gcc/arm-none-eabi/8.2.1/../../../../arm-none-eabi/lib/thumb/v7-m/nofp\libg_nano.a(lib_a-fstatr.o)
 .ARM.attributes
                0x00000762       0x2d c:/program files (x86)/gnu tools arm embedded/8 2018-q4-major/bin/../lib/gcc/arm-none-eabi/8.2.1/../../../../arm-none-eabi/lib/thumb/v7-m/nofp\libg_nano.a(lib_a-isattyr.o)

.debug
 *(.debug)

.line
 *(.line)

.debug_srcinfo
 *(.debug_srcinfo)

.debug_sfnames
 *(.debug_sfnames)

.debug_aranges  0x00000000      0xb90
 *(.debug_aranges)
 .debug_aranges
                0x00000000       0x50 ./src/syscalls/syscalls.o
 .debug_aranges
                0x00000050       0x40 ./src/stm_lib/src/misc.o
 .debug_aranges
                0x00000090       0xa8 ./src/stm_lib/src/stm32f10x_gpio.o
 .debug_aranges
                0x00000138      0x118 ./src/stm_lib/src/stm32f10x_rcc.o
 .debug_aranges
                0x00000250       0xd0 ./src/stm_lib/src/stm32f10x_spi.o
 .debug_aranges
                0x00000320      0x2f0 ./src/stm_lib/src/stm32f10x_tim.o
 .debug_aranges
                0x00000610      0x100 ./src/stm_lib/src/stm32f10x_usart.o
 .debug_aranges
                0x00000710       0x88 ./src/ioLibrary_Driver/Ethernet/W5100S/w5100s.o
 .debug_aranges
                0x00000798       0x78 ./src/ioLibrary_Driver/Ethernet/socket.o
 .debug_aranges
                0x00000810      0x130 ./src/ioLibrary_Driver/Ethernet/wizchip_conf.o
 .debug_aranges
                0x00000940       0x40 ./src/ioLibrary_Driver/Application/loopback/loopback.o
 .debug_aranges
                0x00000980       0x28 ./src/cmsis_boot/startup/startup_stm32f10x_hd.o
 .debug_aranges
                0x000009a8       0x38 ./src/cmsis_boot/system_stm32f10x.o
 .debug_aranges
                0x000009e0       0x98 ./src/HALInit.o
 .debug_aranges
                0x00000a78       0x68 ./src/W5100SRelFunctions.o
 .debug_aranges
                0x00000ae0       0x30 ./src/main.o
 .debug_aranges
                0x00000b10       0x38 ./src/msgq.o
 .debug_aranges
                0x00000b48       0x48 ./src/serialCommand.o

.debug_pubnames
 *(.debug_pubnames)

.debug_info     0x00000000     0xeb58
 *(.debug_info .gnu.linkonce.wi.*)
 .debug_info    0x00000000      0xcf3 ./src/syscalls/syscalls.o
 .debug_info    0x00000cf3      0x592 ./src/stm_lib/src/misc.o
 .debug_info    0x00001285      0x934 ./src/stm_lib/src/stm32f10x_gpio.o
 .debug_info    0x00001bb9      0x98f ./src/stm_lib/src/stm32f10x_rcc.o
 .debug_info    0x00002548      0xab1 ./src/stm_lib/src/stm32f10x_spi.o
 .debug_info    0x00002ff9     0x257c ./src/stm_lib/src/stm32f10x_tim.o
 .debug_info    0x00005575      0xc30 ./src/stm_lib/src/stm32f10x_usart.o
 .debug_info    0x000061a5      0xce1 ./src/ioLibrary_Driver/Ethernet/W5100S/w5100s.o
 .debug_info    0x00006e86     0x14b0 ./src/ioLibrary_Driver/Ethernet/socket.o
 .debug_info    0x00008336     0x1222 ./src/ioLibrary_Driver/Ethernet/wizchip_conf.o
 .debug_info    0x00009558     0x1410 ./src/ioLibrary_Driver/Application/loopback/loopback.o
 .debug_info    0x0000a968      0x153 ./src/cmsis_boot/startup/startup_stm32f10x_hd.o
 .debug_info    0x0000aabb      0x4e0 ./src/cmsis_boot/system_stm32f10x.o
 .debug_info    0x0000af9b     0x1bac ./src/HALInit.o
 .debug_info    0x0000cb47      0x913 ./src/W5100SRelFunctions.o
 .debug_info    0x0000d45a     0x100b ./src/main.o
 .debug_info    0x0000e465      0x1b7 ./src/msgq.o
 .debug_info    0x0000e61c      0x53c ./src/serialCommand.o

.debug_abbrev   0x00000000     0x290a
 *(.debug_abbrev)
 .debug_abbrev  0x00000000      0x26a ./src/syscalls/syscalls.o
 .debug_abbrev  0x0000026a      0x1b0 ./src/stm_lib/src/misc.o
 .debug_abbrev  0x0000041a      0x249 ./src/stm_lib/src/stm32f10x_gpio.o
 .debug_abbrev  0x00000663      0x22d ./src/stm_lib/src/stm32f10x_rcc.o
 .debug_abbrev  0x00000890      0x21b ./src/stm_lib/src/stm32f10x_spi.o
 .debug_abbrev  0x00000aab      0x22f ./src/stm_lib/src/stm32f10x_tim.o
 .debug_abbrev  0x00000cda      0x205 ./src/stm_lib/src/stm32f10x_usart.o
 .debug_abbrev  0x00000edf      0x2cc ./src/ioLibrary_Driver/Ethernet/W5100S/w5100s.o
 .debug_abbrev  0x000011ab      0x29b ./src/ioLibrary_Driver/Ethernet/socket.o
 .debug_abbrev  0x00001446      0x34a ./src/ioLibrary_Driver/Ethernet/wizchip_conf.o
 .debug_abbrev  0x00001790      0x2d5 ./src/ioLibrary_Driver/Application/loopback/loopback.o
 .debug_abbrev  0x00001a65       0xe8 ./src/cmsis_boot/startup/startup_stm32f10x_hd.o
 .debug_abbrev  0x00001b4d      0x19d ./src/cmsis_boot/system_stm32f10x.o
 .debug_abbrev  0x00001cea      0x32f ./src/HALInit.o
 .debug_abbrev  0x00002019      0x280 ./src/W5100SRelFunctions.o
 .debug_abbrev  0x00002299      0x32d ./src/main.o
 .debug_abbrev  0x000025c6      0x152 ./src/msgq.o
 .debug_abbrev  0x00002718      0x1f2 ./src/serialCommand.o

.debug_line     0x00000000     0x8f73
 *(.debug_line)
 .debug_line    0x00000000      0x422 ./src/syscalls/syscalls.o
 .debug_line    0x00000422      0x339 ./src/stm_lib/src/misc.o
 .debug_line    0x0000075b      0x73b ./src/stm_lib/src/stm32f10x_gpio.o
 .debug_line    0x00000e96      0x8f7 ./src/stm_lib/src/stm32f10x_rcc.o
 .debug_line    0x0000178d      0x7c7 ./src/stm_lib/src/stm32f10x_spi.o
 .debug_line    0x00001f54     0x1abe ./src/stm_lib/src/stm32f10x_tim.o
 .debug_line    0x00003a12      0x93d ./src/stm_lib/src/stm32f10x_usart.o
 .debug_line    0x0000434f      0x724 ./src/ioLibrary_Driver/Ethernet/W5100S/w5100s.o
 .debug_line    0x00004a73     0x11bc ./src/ioLibrary_Driver/Ethernet/socket.o
 .debug_line    0x00005c2f      0xbce ./src/ioLibrary_Driver/Ethernet/wizchip_conf.o
 .debug_line    0x000067fd      0x824 ./src/ioLibrary_Driver/Application/loopback/loopback.o
 .debug_line    0x00007021       0xac ./src/cmsis_boot/startup/startup_stm32f10x_hd.o
 .debug_line    0x000070cd      0x3c6 ./src/cmsis_boot/system_stm32f10x.o
 .debug_line    0x00007493      0x9e5 ./src/HALInit.o
 .debug_line    0x00007e78      0x4e0 ./src/W5100SRelFunctions.o
 .debug_line    0x00008358      0x6a8 ./src/main.o
 .debug_line    0x00008a00      0x13b ./src/msgq.o
 .debug_line    0x00008b3b      0x438 ./src/serialCommand.o

.debug_frame    0x00000000     0x2408
 *(.debug_frame)
 .debug_frame   0x00000000       0x80 ./src/syscalls/syscalls.o
 .debug_frame   0x00000080       0x6c ./src/stm_lib/src/misc.o
 .debug_frame   0x000000ec      0x170 ./src/stm_lib/src/stm32f10x_gpio.o
 .debug_frame   0x0000025c      0x22c ./src/stm_lib/src/stm32f10x_rcc.o
 .debug_frame   0x00000488      0x1b0 ./src/stm_lib/src/stm32f10x_spi.o
 .debug_frame   0x00000638      0x6c8 ./src/stm_lib/src/stm32f10x_tim.o
 .debug_frame   0x00000d00      0x224 ./src/stm_lib/src/stm32f10x_usart.o
 .debug_frame   0x00000f24      0x1cc ./src/ioLibrary_Driver/Ethernet/W5100S/w5100s.o
 .debug_frame   0x000010f0      0x294 ./src/ioLibrary_Driver/Ethernet/socket.o
 .debug_frame   0x00001384      0x2f4 ./src/ioLibrary_Driver/Ethernet/wizchip_conf.o
 .debug_frame   0x00001678       0xcc ./src/ioLibrary_Driver/Application/loopback/loopback.o
 .debug_frame   0x00001744       0x38 ./src/cmsis_boot/startup/startup_stm32f10x_hd.o
 .debug_frame   0x0000177c       0x6c ./src/cmsis_boot/system_stm32f10x.o
 .debug_frame   0x000017e8      0x1c0 ./src/HALInit.o
 .debug_frame   0x000019a8       0xf8 ./src/W5100SRelFunctions.o
 .debug_frame   0x00001aa0       0x60 ./src/main.o
 .debug_frame   0x00001b00       0x64 ./src/msgq.o
 .debug_frame   0x00001b64       0xbc ./src/serialCommand.o
 .debug_frame   0x00001c20       0x20 c:/program files (x86)/gnu tools arm embedded/8 2018-q4-major/bin/../lib/gcc/arm-none-eabi/8.2.1/../../../../arm-none-eabi/lib/thumb/v7-m/nofp\libg_nano.a(lib_a-memset.o)
 .debug_frame   0x00001c40       0x38 c:/program files (x86)/gnu tools arm embedded/8 2018-q4-major/bin/../lib/gcc/arm-none-eabi/8.2.1/../../../../arm-none-eabi/lib/thumb/v7-m/nofp\libg_nano.a(lib_a-nano-freer.o)
 .debug_frame   0x00001c78       0x30 c:/program files (x86)/gnu tools arm embedded/8 2018-q4-major/bin/../lib/gcc/arm-none-eabi/8.2.1/../../../../arm-none-eabi/lib/thumb/v7-m/nofp\libg_nano.a(lib_a-nano-mallocr.o)
 .debug_frame   0x00001ca8       0x74 c:/program files (x86)/gnu tools arm embedded/8 2018-q4-major/bin/../lib/gcc/arm-none-eabi/8.2.1/../../../../arm-none-eabi/lib/thumb/v7-m/nofp\libg_nano.a(lib_a-printf.o)
 .debug_frame   0x00001d1c       0x2c c:/program files (x86)/gnu tools arm embedded/8 2018-q4-major/bin/../lib/gcc/arm-none-eabi/8.2.1/../../../../arm-none-eabi/lib/thumb/v7-m/nofp\libg_nano.a(lib_a-sbrkr.o)
 .debug_frame   0x00001d48      0x14c c:/program files (x86)/gnu tools arm embedded/8 2018-q4-major/bin/../lib/gcc/arm-none-eabi/8.2.1/../../../../arm-none-eabi/lib/thumb/v7-m/nofp\libg_nano.a(lib_a-findfp.o)
 .debug_frame   0x00001e94       0x54 c:/program files (x86)/gnu tools arm embedded/8 2018-q4-major/bin/../lib/gcc/arm-none-eabi/8.2.1/../../../../arm-none-eabi/lib/thumb/v7-m/nofp\libg_nano.a(lib_a-fwalk.o)
 .debug_frame   0x00001ee8       0xb0 c:/program files (x86)/gnu tools arm embedded/8 2018-q4-major/bin/../lib/gcc/arm-none-eabi/8.2.1/../../../../arm-none-eabi/lib/thumb/v7-m/nofp\libg_nano.a(lib_a-lock.o)
 .debug_frame   0x00001f98       0x30 c:/program files (x86)/gnu tools arm embedded/8 2018-q4-major/bin/../lib/gcc/arm-none-eabi/8.2.1/../../../../arm-none-eabi/lib/thumb/v7-m/nofp\libg_nano.a(lib_a-mlock.o)
 .debug_frame   0x00001fc8       0xac c:/program files (x86)/gnu tools arm embedded/8 2018-q4-major/bin/../lib/gcc/arm-none-eabi/8.2.1/../../../../arm-none-eabi/lib/thumb/v7-m/nofp\libg_nano.a(lib_a-nano-vfprintf.o)
 .debug_frame   0x00002074       0x60 c:/program files (x86)/gnu tools arm embedded/8 2018-q4-major/bin/../lib/gcc/arm-none-eabi/8.2.1/../../../../arm-none-eabi/lib/thumb/v7-m/nofp\libg_nano.a(lib_a-nano-vfprintf_i.o)
 .debug_frame   0x000020d4       0x5c c:/program files (x86)/gnu tools arm embedded/8 2018-q4-major/bin/../lib/gcc/arm-none-eabi/8.2.1/../../../../arm-none-eabi/lib/thumb/v7-m/nofp\libg_nano.a(lib_a-reent.o)
 .debug_frame   0x00002130       0x88 c:/program files (x86)/gnu tools arm embedded/8 2018-q4-major/bin/../lib/gcc/arm-none-eabi/8.2.1/../../../../arm-none-eabi/lib/thumb/v7-m/nofp\libg_nano.a(lib_a-stdio.o)
 .debug_frame   0x000021b8       0x40 c:/program files (x86)/gnu tools arm embedded/8 2018-q4-major/bin/../lib/gcc/arm-none-eabi/8.2.1/../../../../arm-none-eabi/lib/thumb/v7-m/nofp\libg_nano.a(lib_a-wbuf.o)
 .debug_frame   0x000021f8       0x2c c:/program files (x86)/gnu tools arm embedded/8 2018-q4-major/bin/../lib/gcc/arm-none-eabi/8.2.1/../../../../arm-none-eabi/lib/thumb/v7-m/nofp\libg_nano.a(lib_a-writer.o)
 .debug_frame   0x00002224       0x2c c:/program files (x86)/gnu tools arm embedded/8 2018-q4-major/bin/../lib/gcc/arm-none-eabi/8.2.1/../../../../arm-none-eabi/lib/thumb/v7-m/nofp\libg_nano.a(lib_a-wsetup.o)
 .debug_frame   0x00002250       0x2c c:/program files (x86)/gnu tools arm embedded/8 2018-q4-major/bin/../lib/gcc/arm-none-eabi/8.2.1/../../../../arm-none-eabi/lib/thumb/v7-m/nofp\libg_nano.a(lib_a-closer.o)
 .debug_frame   0x0000227c       0x5c c:/program files (x86)/gnu tools arm embedded/8 2018-q4-major/bin/../lib/gcc/arm-none-eabi/8.2.1/../../../../arm-none-eabi/lib/thumb/v7-m/nofp\libg_nano.a(lib_a-fflush.o)
 .debug_frame   0x000022d8       0x2c c:/program files (x86)/gnu tools arm embedded/8 2018-q4-major/bin/../lib/gcc/arm-none-eabi/8.2.1/../../../../arm-none-eabi/lib/thumb/v7-m/nofp\libg_nano.a(lib_a-lseekr.o)
 .debug_frame   0x00002304       0x58 c:/program files (x86)/gnu tools arm embedded/8 2018-q4-major/bin/../lib/gcc/arm-none-eabi/8.2.1/../../../../arm-none-eabi/lib/thumb/v7-m/nofp\libg_nano.a(lib_a-makebuf.o)
 .debug_frame   0x0000235c       0x28 c:/program files (x86)/gnu tools arm embedded/8 2018-q4-major/bin/../lib/gcc/arm-none-eabi/8.2.1/../../../../arm-none-eabi/lib/thumb/v7-m/nofp\libg_nano.a(lib_a-memchr-stub.o)
 .debug_frame   0x00002384       0x2c c:/program files (x86)/gnu tools arm embedded/8 2018-q4-major/bin/../lib/gcc/arm-none-eabi/8.2.1/../../../../arm-none-eabi/lib/thumb/v7-m/nofp\libg_nano.a(lib_a-readr.o)
 .debug_frame   0x000023b0       0x2c c:/program files (x86)/gnu tools arm embedded/8 2018-q4-major/bin/../lib/gcc/arm-none-eabi/8.2.1/../../../../arm-none-eabi/lib/thumb/v7-m/nofp\libg_nano.a(lib_a-fstatr.o)
 .debug_frame   0x000023dc       0x2c c:/program files (x86)/gnu tools arm embedded/8 2018-q4-major/bin/../lib/gcc/arm-none-eabi/8.2.1/../../../../arm-none-eabi/lib/thumb/v7-m/nofp\libg_nano.a(lib_a-isattyr.o)

.debug_str      0x00000000    0x4eecf
 *(.debug_str)
 .debug_str     0x00000000     0x79a8 ./src/syscalls/syscalls.o
                               0x7c18 (size before relaxing)
 .debug_str     0x000079a8    0x30f7a ./src/stm_lib/src/misc.o
                              0x33ec1 (size before relaxing)
 .debug_str     0x00038922     0x414d ./src/stm_lib/src/stm32f10x_gpio.o
                              0x3792c (size before relaxing)
 .debug_str     0x0003ca6f      0xb3e ./src/stm_lib/src/stm32f10x_rcc.o
                              0x36235 (size before relaxing)
 .debug_str     0x0003d5ad     0x1d08 ./src/stm_lib/src/stm32f10x_spi.o
                              0x374b3 (size before relaxing)
 .debug_str     0x0003f2b5     0x5453 ./src/stm_lib/src/stm32f10x_tim.o
                              0x3abec (size before relaxing)
 .debug_str     0x00044708     0x1c3b ./src/stm_lib/src/stm32f10x_usart.o
                              0x373f6 (size before relaxing)
 .debug_str     0x00046343     0x3fa9 ./src/ioLibrary_Driver/Ethernet/W5100S/w5100s.o
                               0x788d (size before relaxing)
 .debug_str     0x0004a2ec      0x6e2 ./src/ioLibrary_Driver/Ethernet/socket.o
                               0x7eb6 (size before relaxing)
 .debug_str     0x0004a9ce      0x61e ./src/ioLibrary_Driver/Ethernet/wizchip_conf.o
                               0x80ec (size before relaxing)
 .debug_str     0x0004afec      0x125 ./src/ioLibrary_Driver/Application/loopback/loopback.o
                               0xc1e1 (size before relaxing)
 .debug_str     0x0004b111       0xe6 ./src/cmsis_boot/startup/startup_stm32f10x_hd.o
                               0x2ed0 (size before relaxing)
 .debug_str     0x0004b1f7       0xaa ./src/cmsis_boot/system_stm32f10x.o
                              0x33943 (size before relaxing)
 .debug_str     0x0004b2a1     0x27de ./src/HALInit.o
                              0x45ec7 (size before relaxing)
 .debug_str     0x0004da7f       0xf3 ./src/W5100SRelFunctions.o
                              0x3ced6 (size before relaxing)
 .debug_str     0x0004db72     0x1260 ./src/main.o
                              0x41443 (size before relaxing)
 .debug_str     0x0004edd2       0x91 ./src/msgq.o
                               0x2e80 (size before relaxing)
 .debug_str     0x0004ee63       0x6c ./src/serialCommand.o
                              0x36ead (size before relaxing)

.debug_loc      0x00000000     0x7327
 *(.debug_loc)
 .debug_loc     0x00000000      0x10d ./src/syscalls/syscalls.o
 .debug_loc     0x0000010d      0x16b ./src/stm_lib/src/misc.o
 .debug_loc     0x00000278      0x6ca ./src/stm_lib/src/stm32f10x_gpio.o
 .debug_loc     0x00000942      0x627 ./src/stm_lib/src/stm32f10x_rcc.o
 .debug_loc     0x00000f69      0x6f4 ./src/stm_lib/src/stm32f10x_spi.o
 .debug_loc     0x0000165d     0x1dea ./src/stm_lib/src/stm32f10x_tim.o
 .debug_loc     0x00003447      0x92a ./src/stm_lib/src/stm32f10x_usart.o
 .debug_loc     0x00003d71      0x80e ./src/ioLibrary_Driver/Ethernet/W5100S/w5100s.o
 .debug_loc     0x0000457f     0x160a ./src/ioLibrary_Driver/Ethernet/socket.o
 .debug_loc     0x00005b89      0xc69 ./src/ioLibrary_Driver/Ethernet/wizchip_conf.o
 .debug_loc     0x000067f2      0x6b4 ./src/ioLibrary_Driver/Application/loopback/loopback.o
 .debug_loc     0x00006ea6       0x62 ./src/cmsis_boot/startup/startup_stm32f10x_hd.o
 .debug_loc     0x00006f08       0xff ./src/cmsis_boot/system_stm32f10x.o
 .debug_loc     0x00007007       0x6f ./src/W5100SRelFunctions.o
 .debug_loc     0x00007076       0x47 ./src/main.o
 .debug_loc     0x000070bd       0x84 ./src/msgq.o
 .debug_loc     0x00007141      0x1e6 ./src/serialCommand.o

.debug_macinfo
 *(.debug_macinfo)

.debug_weaknames
 *(.debug_weaknames)

.debug_funcnames
 *(.debug_funcnames)

.debug_typenames
 *(.debug_typenames)

.debug_varnames
 *(.debug_varnames)
OUTPUT(W6100-EVB-gcc-eclipse.elf elf32-littlearm)

.debug_ranges   0x00000000      0xa88
 .debug_ranges  0x00000000       0x40 ./src/syscalls/syscalls.o
 .debug_ranges  0x00000040       0x30 ./src/stm_lib/src/misc.o
 .debug_ranges  0x00000070       0x98 ./src/stm_lib/src/stm32f10x_gpio.o
 .debug_ranges  0x00000108      0x108 ./src/stm_lib/src/stm32f10x_rcc.o
 .debug_ranges  0x00000210       0xc0 ./src/stm_lib/src/stm32f10x_spi.o
 .debug_ranges  0x000002d0      0x2e0 ./src/stm_lib/src/stm32f10x_tim.o
 .debug_ranges  0x000005b0       0xf0 ./src/stm_lib/src/stm32f10x_usart.o
 .debug_ranges  0x000006a0       0x78 ./src/ioLibrary_Driver/Ethernet/W5100S/w5100s.o
 .debug_ranges  0x00000718       0x80 ./src/ioLibrary_Driver/Ethernet/socket.o
 .debug_ranges  0x00000798      0x120 ./src/ioLibrary_Driver/Ethernet/wizchip_conf.o
 .debug_ranges  0x000008b8       0x30 ./src/ioLibrary_Driver/Application/loopback/loopback.o
 .debug_ranges  0x000008e8       0x18 ./src/cmsis_boot/startup/startup_stm32f10x_hd.o
 .debug_ranges  0x00000900       0x28 ./src/cmsis_boot/system_stm32f10x.o
 .debug_ranges  0x00000928       0x88 ./src/HALInit.o
 .debug_ranges  0x000009b0       0x58 ./src/W5100SRelFunctions.o
 .debug_ranges  0x00000a08       0x20 ./src/main.o
 .debug_ranges  0x00000a28       0x28 ./src/msgq.o
 .debug_ranges  0x00000a50       0x38 ./src/serialCommand.o

.debug_macro    0x00000000     0xe41c
 .debug_macro   0x00000000      0x1e3 ./src/syscalls/syscalls.o
 .debug_macro   0x000001e3      0xa9c ./src/syscalls/syscalls.o
 .debug_macro   0x00000c7f       0x22 ./src/syscalls/syscalls.o
 .debug_macro   0x00000ca1       0x58 ./src/syscalls/syscalls.o
 .debug_macro   0x00000cf9       0x18 ./src/syscalls/syscalls.o
 .debug_macro   0x00000d11       0x94 ./src/syscalls/syscalls.o
 .debug_macro   0x00000da5       0x35 ./src/syscalls/syscalls.o
 .debug_macro   0x00000dda       0x34 ./src/syscalls/syscalls.o
 .debug_macro   0x00000e0e       0x16 ./src/syscalls/syscalls.o
 .debug_macro   0x00000e24       0x57 ./src/syscalls/syscalls.o
 .debug_macro   0x00000e7b       0x97 ./src/syscalls/syscalls.o
 .debug_macro   0x00000f12      0x339 ./src/syscalls/syscalls.o
 .debug_macro   0x0000124b       0xfd ./src/syscalls/syscalls.o
 .debug_macro   0x00001348       0x10 ./src/syscalls/syscalls.o
 .debug_macro   0x00001358       0x58 ./src/syscalls/syscalls.o
 .debug_macro   0x000013b0       0x1f ./src/syscalls/syscalls.o
 .debug_macro   0x000013cf       0x43 ./src/syscalls/syscalls.o
 .debug_macro   0x00001412       0x20 ./src/syscalls/syscalls.o
 .debug_macro   0x00001432      0x18e ./src/syscalls/syscalls.o
 .debug_macro   0x000015c0       0x10 ./src/syscalls/syscalls.o
 .debug_macro   0x000015d0       0x6a ./src/syscalls/syscalls.o
 .debug_macro   0x0000163a       0x1c ./src/syscalls/syscalls.o
 .debug_macro   0x00001656       0x52 ./src/syscalls/syscalls.o
 .debug_macro   0x000016a8       0x40 ./src/syscalls/syscalls.o
 .debug_macro   0x000016e8       0x10 ./src/syscalls/syscalls.o
 .debug_macro   0x000016f8       0x40 ./src/syscalls/syscalls.o
 .debug_macro   0x00001738       0xd7 ./src/syscalls/syscalls.o
 .debug_macro   0x0000180f       0x1c ./src/syscalls/syscalls.o
 .debug_macro   0x0000182b       0x3d ./src/syscalls/syscalls.o
 .debug_macro   0x00001868       0x16 ./src/syscalls/syscalls.o
 .debug_macro   0x0000187e      0x16f ./src/syscalls/syscalls.o
 .debug_macro   0x000019ed       0x4c ./src/syscalls/syscalls.o
 .debug_macro   0x00001a39       0x16 ./src/syscalls/syscalls.o
 .debug_macro   0x00001a4f       0x35 ./src/syscalls/syscalls.o
 .debug_macro   0x00001a84       0x10 ./src/syscalls/syscalls.o
 .debug_macro   0x00001a94       0x10 ./src/syscalls/syscalls.o
 .debug_macro   0x00001aa4       0x35 ./src/syscalls/syscalls.o
 .debug_macro   0x00001ad9      0x122 ./src/syscalls/syscalls.o
 .debug_macro   0x00001bfb       0x83 ./src/stm_lib/src/misc.o
 .debug_macro   0x00001c7e       0x56 ./src/stm_lib/src/misc.o
 .debug_macro   0x00001cd4       0x3a ./src/stm_lib/src/misc.o
 .debug_macro   0x00001d0e      0x34e ./src/stm_lib/src/misc.o
 .debug_macro   0x0000205c       0x18 ./src/stm_lib/src/misc.o
 .debug_macro   0x00002074      0xa8b ./src/stm_lib/src/misc.o
 .debug_macro   0x00002aff     0x7e6d ./src/stm_lib/src/misc.o
 .debug_macro   0x0000a96c       0x10 ./src/stm_lib/src/misc.o
 .debug_macro   0x0000a97c       0x35 ./src/stm_lib/src/misc.o
 .debug_macro   0x0000a9b1       0x85 ./src/stm_lib/src/misc.o
 .debug_macro   0x0000aa36       0xd4 ./src/stm_lib/src/stm32f10x_gpio.o
 .debug_macro   0x0000ab0a      0x2a6 ./src/stm_lib/src/stm32f10x_gpio.o
 .debug_macro   0x0000adb0      0x199 ./src/stm_lib/src/stm32f10x_rcc.o
 .debug_macro   0x0000af49      0x3dc ./src/stm_lib/src/stm32f10x_rcc.o
 .debug_macro   0x0000b325       0xec ./src/stm_lib/src/stm32f10x_spi.o
 .debug_macro   0x0000b411      0x2be ./src/stm_lib/src/stm32f10x_spi.o
 .debug_macro   0x0000b6cf       0x9e ./src/stm_lib/src/stm32f10x_tim.o
 .debug_macro   0x0000b76d      0x70b ./src/stm_lib/src/stm32f10x_tim.o
 .debug_macro   0x0000be78      0x13a ./src/stm_lib/src/stm32f10x_usart.o
 .debug_macro   0x0000bfb2      0x21a ./src/stm_lib/src/stm32f10x_usart.o
 .debug_macro   0x0000c1cc       0x45 ./src/ioLibrary_Driver/Ethernet/W5100S/w5100s.o
 .debug_macro   0x0000c211       0x78 ./src/ioLibrary_Driver/Ethernet/socket.o
 .debug_macro   0x0000c289       0x54 ./src/ioLibrary_Driver/Ethernet/wizchip_conf.o
 .debug_macro   0x0000c2dd      0x1e8 ./src/ioLibrary_Driver/Application/loopback/loopback.o
 .debug_macro   0x0000c4c5       0x1c ./src/ioLibrary_Driver/Application/loopback/loopback.o
 .debug_macro   0x0000c4e1       0x1d ./src/cmsis_boot/startup/startup_stm32f10x_hd.o
 .debug_macro   0x0000c4fe       0x7b ./src/cmsis_boot/system_stm32f10x.o
 .debug_macro   0x0000c579      0x25a ./src/HALInit.o
 .debug_macro   0x0000c7d3       0x76 ./src/HALInit.o
 .debug_macro   0x0000c849       0x8b ./src/HALInit.o
 .debug_macro   0x0000c8d4      0x279 ./src/HALInit.o
 .debug_macro   0x0000cb4d      0x2ac ./src/HALInit.o
 .debug_macro   0x0000cdf9      0x220 ./src/HALInit.o
 .debug_macro   0x0000d019      0x2c4 ./src/HALInit.o
 .debug_macro   0x0000d2dd      0x711 ./src/HALInit.o
 .debug_macro   0x0000d9ee       0x9a ./src/HALInit.o
 .debug_macro   0x0000da88       0xcf ./src/W5100SRelFunctions.o
 .debug_macro   0x0000db57      0x2cc ./src/main.o
 .debug_macro   0x0000de23       0xef ./src/main.o
 .debug_macro   0x0000df12      0x432 ./src/main.o
 .debug_macro   0x0000e344       0x10 ./src/main.o
 .debug_macro   0x0000e354       0x1a ./src/msgq.o
 .debug_macro   0x0000e36e       0x10 ./src/msgq.o
 .debug_macro   0x0000e37e       0x9e ./src/serialCommand.o
